Archive member included to satisfy reference by file (symbol)

/home/mitg/.pico-sdk/toolchain/14_2_Rel1/bin/../lib/gcc/arm-none-eabi/14.2.1/thumb/v6-m/nofp/libgcc.a(_dvmd_tls.o)
                              CMakeFiles/pico_loetregler.dir/home/mitg/.pico-sdk/sdk/2.1.1/src/rp2_common/pico_divider/divider_hardware.S.o (__aeabi_idiv0)
/home/mitg/.pico-sdk/toolchain/14_2_Rel1/bin/../lib/gcc/arm-none-eabi/14.2.1/../../../../arm-none-eabi/lib/thumb/v6-m/nofp/libg.a(libc_a-calloc.o)
                              CMakeFiles/pico_loetregler.dir/home/mitg/.pico-sdk/sdk/2.1.1/src/rp2_common/pico_malloc/malloc.c.o (calloc)
/home/mitg/.pico-sdk/toolchain/14_2_Rel1/bin/../lib/gcc/arm-none-eabi/14.2.1/../../../../arm-none-eabi/lib/thumb/v6-m/nofp/libg.a(libc_a-callocr.o)
                              /home/mitg/.pico-sdk/toolchain/14_2_Rel1/bin/../lib/gcc/arm-none-eabi/14.2.1/../../../../arm-none-eabi/lib/thumb/v6-m/nofp/libg.a(libc_a-calloc.o) (_calloc_r)
/home/mitg/.pico-sdk/toolchain/14_2_Rel1/bin/../lib/gcc/arm-none-eabi/14.2.1/../../../../arm-none-eabi/lib/thumb/v6-m/nofp/libg.a(libc_a-malloc.o)
                              CMakeFiles/pico_loetregler.dir/home/mitg/.pico-sdk/sdk/2.1.1/src/rp2_common/pico_malloc/malloc.c.o (malloc)
/home/mitg/.pico-sdk/toolchain/14_2_Rel1/bin/../lib/gcc/arm-none-eabi/14.2.1/../../../../arm-none-eabi/lib/thumb/v6-m/nofp/libg.a(libc_a-mallocr.o)
                              /home/mitg/.pico-sdk/toolchain/14_2_Rel1/bin/../lib/gcc/arm-none-eabi/14.2.1/../../../../arm-none-eabi/lib/thumb/v6-m/nofp/libg.a(libc_a-callocr.o) (_malloc_r)
/home/mitg/.pico-sdk/toolchain/14_2_Rel1/bin/../lib/gcc/arm-none-eabi/14.2.1/../../../../arm-none-eabi/lib/thumb/v6-m/nofp/libg.a(libc_a-mlock.o)
                              /home/mitg/.pico-sdk/toolchain/14_2_Rel1/bin/../lib/gcc/arm-none-eabi/14.2.1/../../../../arm-none-eabi/lib/thumb/v6-m/nofp/libg.a(libc_a-mallocr.o) (__malloc_lock)
/home/mitg/.pico-sdk/toolchain/14_2_Rel1/bin/../lib/gcc/arm-none-eabi/14.2.1/../../../../arm-none-eabi/lib/thumb/v6-m/nofp/libg.a(libc_a-realloc.o)
                              CMakeFiles/pico_loetregler.dir/home/mitg/.pico-sdk/sdk/2.1.1/src/rp2_common/pico_malloc/malloc.c.o (realloc)
/home/mitg/.pico-sdk/toolchain/14_2_Rel1/bin/../lib/gcc/arm-none-eabi/14.2.1/../../../../arm-none-eabi/lib/thumb/v6-m/nofp/libg.a(libc_a-reallocr.o)
                              /home/mitg/.pico-sdk/toolchain/14_2_Rel1/bin/../lib/gcc/arm-none-eabi/14.2.1/../../../../arm-none-eabi/lib/thumb/v6-m/nofp/libg.a(libc_a-realloc.o) (_realloc_r)
/home/mitg/.pico-sdk/toolchain/14_2_Rel1/bin/../lib/gcc/arm-none-eabi/14.2.1/../../../../arm-none-eabi/lib/thumb/v6-m/nofp/libg.a(libc_a-memcmp.o)
                              CMakeFiles/pico_loetregler.dir/home/mitg/.pico-sdk/sdk/2.1.1/src/rp2_common/pico_atomic/atomic.c.o (memcmp)
/home/mitg/.pico-sdk/toolchain/14_2_Rel1/bin/../lib/gcc/arm-none-eabi/14.2.1/../../../../arm-none-eabi/lib/thumb/v6-m/nofp/libg.a(libc_a-memmove.o)
                              /home/mitg/.pico-sdk/toolchain/14_2_Rel1/bin/../lib/gcc/arm-none-eabi/14.2.1/../../../../arm-none-eabi/lib/thumb/v6-m/nofp/libg.a(libc_a-reallocr.o) (memmove)
/home/mitg/.pico-sdk/toolchain/14_2_Rel1/bin/../lib/gcc/arm-none-eabi/14.2.1/../../../../arm-none-eabi/lib/thumb/v6-m/nofp/libg.a(libc_a-lcltime_r.o)
                              CMakeFiles/pico_loetregler.dir/home/mitg/.pico-sdk/sdk/2.1.1/src/common/pico_util/datetime.c.o (localtime_r)
/home/mitg/.pico-sdk/toolchain/14_2_Rel1/bin/../lib/gcc/arm-none-eabi/14.2.1/../../../../arm-none-eabi/lib/thumb/v6-m/nofp/libg.a(libc_a-mktime.o)
                              CMakeFiles/pico_loetregler.dir/home/mitg/.pico-sdk/sdk/2.1.1/src/common/pico_util/datetime.c.o (mktime)
/home/mitg/.pico-sdk/toolchain/14_2_Rel1/bin/../lib/gcc/arm-none-eabi/14.2.1/../../../../arm-none-eabi/lib/thumb/v6-m/nofp/libg.a(libc_a-month_lengths.o)
                              /home/mitg/.pico-sdk/toolchain/14_2_Rel1/bin/../lib/gcc/arm-none-eabi/14.2.1/../../../../arm-none-eabi/lib/thumb/v6-m/nofp/libg.a(libc_a-lcltime_r.o) (__month_lengths)
/home/mitg/.pico-sdk/toolchain/14_2_Rel1/bin/../lib/gcc/arm-none-eabi/14.2.1/../../../../arm-none-eabi/lib/thumb/v6-m/nofp/libg.a(libc_a-tzcalc_limits.o)
                              /home/mitg/.pico-sdk/toolchain/14_2_Rel1/bin/../lib/gcc/arm-none-eabi/14.2.1/../../../../arm-none-eabi/lib/thumb/v6-m/nofp/libg.a(libc_a-lcltime_r.o) (__tzcalc_limits)
/home/mitg/.pico-sdk/toolchain/14_2_Rel1/bin/../lib/gcc/arm-none-eabi/14.2.1/../../../../arm-none-eabi/lib/thumb/v6-m/nofp/libg.a(libc_a-tzlock.o)
                              /home/mitg/.pico-sdk/toolchain/14_2_Rel1/bin/../lib/gcc/arm-none-eabi/14.2.1/../../../../arm-none-eabi/lib/thumb/v6-m/nofp/libg.a(libc_a-lcltime_r.o) (__tz_lock)
/home/mitg/.pico-sdk/toolchain/14_2_Rel1/bin/../lib/gcc/arm-none-eabi/14.2.1/../../../../arm-none-eabi/lib/thumb/v6-m/nofp/libg.a(libc_a-tzset.o)
[...]
Memory Configuration

Name             Origin             Length             Attributes
FLASH            0x10000000         0x00200000         xr
RAM              0x20000000         0x00040000         xrw
SCRATCH_X        0x20040000         0x00001000         xrw
SCRATCH_Y        0x20041000         0x00001000         xrw
*default*        0x00000000         0xffffffff

Linker script and memory map

LOAD /home/mitg/.pico-sdk/toolchain/14_2_Rel1/bin/../lib/gcc/arm-none-eabi/14.2.1/thumb/v6-m/nofp/crti.o
LOAD /home/mitg/.pico-sdk/toolchain/14_2_Rel1/bin/../lib/gcc/arm-none-eabi/14.2.1/thumb/v6-m/nofp/crtbegin.o
LOAD /home/mitg/.pico-sdk/toolchain/14_2_Rel1/bin/../lib/gcc/arm-none-eabi/14.2.1/../../../../arm-none-eabi/lib/thumb/v6-m/nofp/crt0.o

.flash_begin    0x10000000        0x0
                0x10000000                        __flash_binary_start = .

.boot2          0x10000000      0x100
                0x10000000                        __boot2_start__ = .
 *(.boot2)
 .boot2         0x10000000      0x100 pico-sdk/src/rp2040/boot_stage2/CMakeFiles/bs2_default_library.dir/./bs2_default_padded_checksummed.S.o
                0x10000100                        __boot2_end__ = .
                0x00000001                        ASSERT (((__boot2_end__ - __boot2_start__) == 0x100), ERROR: Pico second stage bootloader must be 256 bytes in size)

.text           0x10000100     0x5670
                0x10000100                        __logical_binary_start = .
 *(.vectors)
 .vectors       0x10000100       0xd4 CMakeFiles/pico_loetregler.dir/home/mitg/.pico-sdk/sdk/2.1.1/src/rp2_common/pico_crt0/crt0.S.o
                0x10000100                __vectors
                0x10000100                __VECTOR_TABLE
                0x100001c0                isr_invalid
                0x100001c0                __default_isrs_start
                0x100001c2                isr_nmi
                0x100001c4                isr_hardfault
                0x100001c6                isr_svcall
                0x100001c8                isr_pendsv
                0x100001ca                isr_systick
                0x100001cc                isr_irq30
                0x100001cc                __unhandled_user_irq
                0x100001cc                isr_irq13
                0x100001cc                isr_irq27
                0x100001cc                isr_irq31
                0x100001cc                isr_irq5
                0x100001cc                isr_irq11
                0x100001cc                isr_irq23
                0x100001cc                isr_irq18
                0x100001cc                isr_irq28
                0x100001cc                isr_irq19
                0x100001cc                isr_irq0
                0x100001cc                isr_irq6
                0x100001cc                isr_irq22
                0x100001cc                isr_irq17
                0x100001cc                isr_irq14
                0x100001cc                isr_irq2
                0x100001cc                isr_irq10
                0x100001cc                isr_irq8
                0x100001cc                isr_irq24
                0x100001cc                isr_irq1
                0x100001cc                isr_irq7
                0x100001cc                isr_irq21
                0x100001cc                isr_irq20
                0x100001cc                isr_irq15
                0x100001cc                isr_irq25
                0x100001cc                isr_irq4
                0x100001cc                isr_irq16
                0x100001cc                isr_irq29
                0x100001cc                isr_irq26
                0x100001cc                __default_isrs_end
                0x100001cc                isr_irq3
                0x100001cc                isr_irq12
                0x100001cc                isr_irq9
                0x100001d2                unhandled_user_irq_num_in_r0
 *(.binary_info_header)
 .binary_info_header
                0x100001d4       0x14 CMakeFiles/pico_loetregler.dir/home/mitg/.pico-sdk/sdk/2.1.1/src/rp2_common/pico_crt0/crt0.S.o
                0x100001e8                        __binary_info_header_end = .
 *(.embedded_block)
                0x100001e8                        __embedded_block_end = .
 *(.reset)
 .reset         0x100001e8       0x9c CMakeFiles/pico_loetregler.dir/home/mitg/.pico-sdk/sdk/2.1.1/src/rp2_common/pico_crt0/crt0.S.o
                0x100001e8                _entry_point
 *(.init)
 .init          0x10000284        0x4 /home/mitg/.pico-sdk/toolchain/14_2_Rel1/bin/../lib/gcc/arm-none-eabi/14.2.1/thumb/v6-m/nofp/crti.o
                0x10000284                _init
 *(EXCLUDE_FILE(*libm.a: *libc.a:*lib_a-mem*.o *libgcc.a:) .text*)
 .text.register_tm_clones
                0x10000288       0x28 /home/mitg/.pico-sdk/toolchain/14_2_Rel1/bin/../lib/gcc/arm-none-eabi/14.2.1/thumb/v6-m/nofp/crtbegin.o
 .text.frame_dummy
                0x100002b0       0x24 /home/mitg/.pico-sdk/toolchain/14_2_Rel1/bin/../lib/gcc/arm-none-eabi/14.2.1/thumb/v6-m/nofp/crtbegin.o
 .text.adc_gpio_init
                0x100002d4       0x20 CMakeFiles/pico_loetregler.dir/main.c.o
 .text.init_display
                0x100002f4       0x74 CMakeFiles/pico_loetregler.dir/main.c.o
                0x100002f4                init_display
 .text.startup.main
                0x10000368      0x210 CMakeFiles/pico_loetregler.dir/main.c.o
                0x10000368                main
 .text.button_init
                0x10000578       0x58 CMakeFiles/pico_loetregler.dir/button.c.o
                0x10000578                button_init
 .text.button_update
                0x100005d0      0x140 CMakeFiles/pico_loetregler.dir/button.c.o
                0x100005d0                button_update
 .text.button_pressed
                0x10000710       0x18 CMakeFiles/pico_loetregler.dir/button.c.o
                0x10000710                button_pressed
 .text.ssd1306_init
                0x10000728       0xbc CMakeFiles/pico_loetregler.dir/ssd1306.c.o
                0x10000728                ssd1306_init
 .text.ssd1306_clear
                0x100007e4       0x18 CMakeFiles/pico_loetregler.dir/ssd1306.c.o
                0x100007e4                ssd1306_clear
 .text.ssd1306_show
                0x100007fc       0xe4 CMakeFiles/pico_loetregler.dir/ssd1306.c.o
                0x100007fc                ssd1306_show
 .text.ssd1306_draw_char
                0x100008e0      0x160 CMakeFiles/pico_loetregler.dir/ssd1306.c.o
                0x100008e0                ssd1306_draw_char
 .text.ssd1306_draw_string
                0x10000a40       0x80 CMakeFiles/pico_loetregler.dir/ssd1306.c.o
                0x10000a40                ssd1306_draw_string
 .text.gpio_set_function
                0x10000ac0       0x34 CMakeFiles/pico_loetregler.dir/home/mitg/.pico-sdk/sdk/2.1.1/src/rp2_common/hardware_gpio/gpio.c.o
                0x10000ac0                gpio_set_function
 .text.gpio_set_pulls
                0x10000af4       0x28 CMakeFiles/pico_loetregler.dir/home/mitg/.pico-sdk/sdk/2.1.1/src/rp2_common/hardware_gpio/gpio.c.o
                0x10000af4                gpio_set_pulls
 .text.gpio_set_input_enabled
                0x10000b1c       0x28 CMakeFiles/pico_loetregler.dir/home/mitg/.pico-sdk/sdk/2.1.1/src/rp2_common/hardware_gpio/gpio.c.o
                0x10000b1c                gpio_set_input_enabled
 .text.gpio_init
                0x10000b44       0x40 CMakeFiles/pico_loetregler.dir/home/mitg/.pico-sdk/sdk/2.1.1/src/rp2_common/hardware_gpio/gpio.c.o
                0x10000b44                gpio_init
 .text.panic    0x10000b84       0x30 CMakeFiles/pico_loetregler.dir/home/mitg/.pico-sdk/sdk/2.1.1/src/rp2_common/pico_platform_panic/panic.c.o
                0x10000b84                panic
 .text.hw_claim_or_assert
                0x10000bb4       0x44 CMakeFiles/pico_loetregler.dir/home/mitg/.pico-sdk/sdk/2.1.1/src/common/hardware_claim/claim.c.o
                0x10000bb4                hw_claim_or_assert
 .text.next_striped_spin_lock_num
                0x10000bf8       0x18 CMakeFiles/pico_loetregler.dir/home/mitg/.pico-sdk/sdk/2.1.1/src/rp2_common/hardware_sync/sync.c.o
                0x10000bf8                next_striped_spin_lock_num
 .text.spin_locks_reset
                0x10000c10       0x1c CMakeFiles/pico_loetregler.dir/home/mitg/.pico-sdk/sdk/2.1.1/src/rp2_common/hardware_sync_spin_lock/sync_spin_lock.c.o
                0x10000c10                spin_locks_reset
 .text.runtime_init_per_core_irq_priorities
                0x10000c2c       0x24 CMakeFiles/pico_loetregler.dir/home/mitg/.pico-sdk/sdk/2.1.1/src/rp2_common/hardware_irq/irq.c.o
                0x10000c2c                runtime_init_per_core_irq_priorities
 .text.irq_set_enabled
                0x10000c50       0x24 CMakeFiles/pico_loetregler.dir/home/mitg/.pico-sdk/sdk/2.1.1/src/rp2_common/hardware_irq/irq.c.o
                0x10000c50                irq_set_enabled
 .text.irq_set_exclusive_handler
                0x10000c74       0x54 CMakeFiles/pico_loetregler.dir/home/mitg/.pico-sdk/sdk/2.1.1/src/rp2_common/hardware_irq/irq.c.o
                0x10000c74                irq_set_exclusive_handler
 .text.irq_remove_handler
                0x10000cc8      0x1d4 CMakeFiles/pico_loetregler.dir/home/mitg/.pico-sdk/sdk/2.1.1/src/rp2_common/hardware_irq/irq.c.o
                0x10000cc8                irq_remove_handler
 .text.irq_add_tail_to_free_list
                0x10000e9c       0xb4 CMakeFiles/pico_loetregler.dir/home/mitg/.pico-sdk/sdk/2.1.1/src/rp2_common/hardware_irq/irq.c.o
                0x10000e9c                irq_add_tail_to_free_list
 .text.lock_init
                0x10000f50       0x10 CMakeFiles/pico_loetregler.dir/home/mitg/.pico-sdk/sdk/2.1.1/src/common/pico_sync/lock_core.c.o
                0x10000f50                lock_init
 .text.runtime_init_mutex
                0x10000f60       0x50 CMakeFiles/pico_loetregler.dir/home/mitg/.pico-sdk/sdk/2.1.1/src/common/pico_sync/mutex.c.o
                0x10000f60                runtime_init_mutex
 .text.sleep_until_callback
                0x10000fb0       0x30 CMakeFiles/pico_loetregler.dir/home/mitg/.pico-sdk/sdk/2.1.1/src/common/pico_time/time.c.o
 .text.alarm_pool_irq_handler
                0x10000fe0      0x300 CMakeFiles/pico_loetregler.dir/home/mitg/.pico-sdk/sdk/2.1.1/src/common/pico_time/time.c.o
 .text.runtime_init_default_alarm_pool
                0x100012e0       0xdc CMakeFiles/pico_loetregler.dir/home/mitg/.pico-sdk/sdk/2.1.1/src/common/pico_time/time.c.o
                0x100012e0                runtime_init_default_alarm_pool
 .text.alarm_pool_add_alarm_at_force_in_context
                0x100013bc       0xb0 CMakeFiles/pico_loetregler.dir/home/mitg/.pico-sdk/sdk/2.1.1/src/common/pico_time/time.c.o
                0x100013bc                alarm_pool_add_alarm_at_force_in_context
 .text.alarm_pool_cancel_alarm
                0x1000146c       0x74 CMakeFiles/pico_loetregler.dir/home/mitg/.pico-sdk/sdk/2.1.1/src/common/pico_time/time.c.o
                0x1000146c                alarm_pool_cancel_alarm
 .text.sleep_ms
                0x100014e0       0xfc CMakeFiles/pico_loetregler.dir/home/mitg/.pico-sdk/sdk/2.1.1/src/common/pico_time/time.c.o
                0x100014e0                sleep_ms
 .text.best_effort_wfe_or_timeout
                0x100015dc      0x10c CMakeFiles/pico_loetregler.dir/home/mitg/.pico-sdk/sdk/2.1.1/src/common/pico_time/time.c.o
                0x100015dc                best_effort_wfe_or_timeout
 .text.timer_hardware_alarm_claim
                0x100016e8       0x14 CMakeFiles/pico_loetregler.dir/home/mitg/.pico-sdk/sdk/2.1.1/src/rp2_common/hardware_timer/timer.c.o
                0x100016e8                timer_hardware_alarm_claim
 .text.timer_time_us_64
                0x100016fc       0x10 CMakeFiles/pico_loetregler.dir/home/mitg/.pico-sdk/sdk/2.1.1/src/rp2_common/hardware_timer/timer.c.o
                0x100016fc                timer_time_us_64
 .text.time_us_64
                0x1000170c       0x14 CMakeFiles/pico_loetregler.dir/home/mitg/.pico-sdk/sdk/2.1.1/src/rp2_common/hardware_timer/timer.c.o
                0x1000170c                time_us_64
 .text.busy_wait_us
                0x10001720       0x68 CMakeFiles/pico_loetregler.dir/home/mitg/.pico-sdk/sdk/2.1.1/src/rp2_common/hardware_timer/timer.c.o
                0x10001720                busy_wait_us
 .text.busy_wait_until
                0x10001788       0x20 CMakeFiles/pico_loetregler.dir/home/mitg/.pico-sdk/sdk/2.1.1/src/rp2_common/hardware_timer/timer.c.o
                0x10001788                busy_wait_until
 .text.uart_init
                0x100017a8      0x120 CMakeFiles/pico_loetregler.dir/home/mitg/.pico-sdk/sdk/2.1.1/src/rp2_common/hardware_uart/uart.c.o
                0x100017a8                uart_init
 .text.clock_configure_int_divider
                0x100018c8       0xf4 CMakeFiles/pico_loetregler.dir/home/mitg/.pico-sdk/sdk/2.1.1/src/rp2_common/hardware_clocks/clocks.c.o
                0x100018c8                clock_configure_int_divider
 .text.clock_configure_undivided
                0x100019bc       0xe8 CMakeFiles/pico_loetregler.dir/home/mitg/.pico-sdk/sdk/2.1.1/src/rp2_common/hardware_clocks/clocks.c.o
                0x100019bc                clock_configure_undivided
 .text.clock_get_hz
                0x10001aa4        0xc CMakeFiles/pico_loetregler.dir/home/mitg/.pico-sdk/sdk/2.1.1/src/rp2_common/hardware_clocks/clocks.c.o
                0x10001aa4                clock_get_hz
 .text.pll_init
                0x10001ab0       0xa4 CMakeFiles/pico_loetregler.dir/home/mitg/.pico-sdk/sdk/2.1.1/src/rp2_common/hardware_pll/pll.c.o
                0x10001ab0                pll_init
 .text.tick_start
                0x10001b54       0x10 CMakeFiles/pico_loetregler.dir/home/mitg/.pico-sdk/sdk/2.1.1/src/rp2_common/hardware_ticks/ticks.c.o
                0x10001b54                tick_start
 .text.rom_func_lookup
                0x10001b64       0x10 CMakeFiles/pico_loetregler.dir/home/mitg/.pico-sdk/sdk/2.1.1/src/rp2_common/pico_bootrom/bootrom.c.o
                0x10001b64                rom_func_lookup
 .text.rom_data_lookup
                0x10001b74       0x10 CMakeFiles/pico_loetregler.dir/home/mitg/.pico-sdk/sdk/2.1.1/src/rp2_common/pico_bootrom/bootrom.c.o
                0x10001b74                rom_data_lookup
 .text.rom_funcs_lookup
                0x10001b84       0x44 CMakeFiles/pico_loetregler.dir/home/mitg/.pico-sdk/sdk/2.1.1/src/rp2_common/pico_bootrom/bootrom.c.o
                0x10001b84                rom_funcs_lookup
 .text.xosc_init
                0x10001bc8       0x28 CMakeFiles/pico_loetregler.dir/home/mitg/.pico-sdk/sdk/2.1.1/src/rp2_common/hardware_xosc/xosc.c.o
                0x10001bc8                xosc_init
 .text.first_per_core_initializer
                0x10001bf0        0x4 CMakeFiles/pico_loetregler.dir/home/mitg/.pico-sdk/sdk/2.1.1/src/rp2_common/pico_runtime/runtime.c.o
 .text.hard_assertion_failure
                0x10001bf4        0xc CMakeFiles/pico_loetregler.dir/home/mitg/.pico-sdk/sdk/2.1.1/src/rp2_common/pico_runtime/runtime.c.o
                0x10001bf4                hard_assertion_failure
 .text.runtime_run_initializers
                0x10001c00       0x28 CMakeFiles/pico_loetregler.dir/home/mitg/.pico-sdk/sdk/2.1.1/src/rp2_common/pico_runtime/runtime.c.o
                0x10001c00                runtime_run_initializers
 .text.runtime_init_early_resets
                0x10001c28       0x2c CMakeFiles/pico_loetregler.dir/home/mitg/.pico-sdk/sdk/2.1.1/src/rp2_common/pico_runtime_init/runtime_init.c.o
                0x10001c28                runtime_init_early_resets
 .text.runtime_init_usb_power_down
                0x10001c54       0x1c CMakeFiles/pico_loetregler.dir/home/mitg/.pico-sdk/sdk/2.1.1/src/rp2_common/pico_runtime_init/runtime_init.c.o
                0x10001c54                runtime_init_usb_power_down
 .text.runtime_init_post_clock_resets
                0x10001c70       0x20 CMakeFiles/pico_loetregler.dir/home/mitg/.pico-sdk/sdk/2.1.1/src/rp2_common/pico_runtime_init/runtime_init.c.o
                0x10001c70                runtime_init_post_clock_resets
 .text.runtime_init_rp2040_gpio_ie_disable
                0x10001c90       0x14 CMakeFiles/pico_loetregler.dir/home/mitg/.pico-sdk/sdk/2.1.1/src/rp2_common/pico_runtime_init/runtime_init.c.o
                0x10001c90                runtime_init_rp2040_gpio_ie_disable
 .text.runtime_init_spin_locks_reset
                0x10001ca4        0x8 CMakeFiles/pico_loetregler.dir/home/mitg/.pico-sdk/sdk/2.1.1/src/rp2_common/pico_runtime_init/runtime_init.c.o
                0x10001ca4                runtime_init_spin_locks_reset
 .text.runtime_init_install_ram_vector_table
                0x10001cac       0x1c CMakeFiles/pico_loetregler.dir/home/mitg/.pico-sdk/sdk/2.1.1/src/rp2_common/pico_runtime_init/runtime_init.c.o
                0x10001cac                runtime_init_install_ram_vector_table
 .text.runtime_init_clocks
                0x10001cc8       0xd8 CMakeFiles/pico_loetregler.dir/home/mitg/.pico-sdk/sdk/2.1.1/src/rp2_common/pico_runtime_init/runtime_init_clocks.c.o
                0x10001cc8                runtime_init_clocks
 .text          0x10001da0       0x10 CMakeFiles/pico_loetregler.dir/home/mitg/.pico-sdk/sdk/2.1.1/src/rp2_common/pico_bit_ops/bit_ops_aeabi.S.o
 .text.__wrap___aeabi_idiv
                0x10001db0       0x50 CMakeFiles/pico_loetregler.dir/home/mitg/.pico-sdk/sdk/2.1.1/src/rp2_common/pico_divider/divider_hardware.S.o
                0x10001db0                __wrap___aeabi_idivmod
                0x10001db0                divmod_s32s32
                0x10001db0                div_s32s32
                0x10001db0                __wrap___aeabi_idiv
                0x10001db8                divmod_s32s32_unsafe
                0x10001de4                divmod_s32s32_savestate
 .text.__wrap___aeabi_uidiv
                0x10001e00       0x4c CMakeFiles/pico_loetregler.dir/home/mitg/.pico-sdk/sdk/2.1.1/src/rp2_common/pico_divider/divider_hardware.S.o
                0x10001e00                __wrap___aeabi_uidiv
                0x10001e00                __wrap___aeabi_uidivmod
                0x10001e00                div_u32u32
                0x10001e00                divmod_u32u32
                0x10001e08                divmod_u32u32_unsafe
                0x10001e30                divmod_u32u32_savestate
 .text.__wrap___aeabi_ldiv
                0x10001e4c      0x424 CMakeFiles/pico_loetregler.dir/home/mitg/.pico-sdk/sdk/2.1.1/src/rp2_common/pico_divider/divider_hardware.S.o
                0x10001e4c                div_s64s64
                0x10001e4c                divmod_s64s64
                0x10001e4c                __wrap___aeabi_ldivmod
                0x10001e7c                div_u64u64
                0x10001e7c                divmod_u64u64
                0x10001e7c                __wrap___aeabi_uldivmod
                0x10001e8c                divmod_u64u64_savestate
                0x10001eac                divmod_s64s64_unsafe
                0x10001f34                divmod_u64u64_unsafe
 .text.__wrap___aeabi_darithmetic
                0x10002270       0x80 CMakeFiles/pico_loetregler.dir/home/mitg/.pico-sdk/sdk/2.1.1/src/rp2_common/pico_double/double_aeabi_rp2040.S.o
                0x10002270                __wrap___aeabi_drsub
                0x10002276                __wrap___aeabi_dsub
                0x10002288                __wrap___aeabi_dadd
                0x1000229a                __wrap___aeabi_ddiv
                0x100022d6                __wrap___aeabi_dmul
 .text.__wrap___aeabi_cdcmple
                0x100022f0       0x6c CMakeFiles/pico_loetregler.dir/home/mitg/.pico-sdk/sdk/2.1.1/src/rp2_common/pico_double/double_aeabi_rp2040.S.o
                0x100022f0                __wrap___aeabi_cdrcmple
                0x10002300                __wrap___aeabi_cdcmple
                0x10002300                __wrap___aeabi_cdcmpeq
 .text.__wrap___aeabi_dcmplt
                0x1000235c        0xc CMakeFiles/pico_loetregler.dir/home/mitg/.pico-sdk/sdk/2.1.1/src/rp2_common/pico_double/double_aeabi_rp2040.S.o
                0x1000235c                __wrap___aeabi_dcmplt
 .text.__wrap___aeabi_dcmple
                0x10002368       0x10 CMakeFiles/pico_loetregler.dir/home/mitg/.pico-sdk/sdk/2.1.1/src/rp2_common/pico_double/double_aeabi_rp2040.S.o
                0x10002368                __wrap___aeabi_dcmple
 .text.__wrap___aeabi_dcmpge
                0x10002378       0x10 CMakeFiles/pico_loetregler.dir/home/mitg/.pico-sdk/sdk/2.1.1/src/rp2_common/pico_double/double_aeabi_rp2040.S.o
                0x10002378                __wrap___aeabi_dcmpge
 .text.__wrap___aeabi_dcmpgt
                0x10002388        0xa CMakeFiles/pico_loetregler.dir/home/mitg/.pico-sdk/sdk/2.1.1/src/rp2_common/pico_double/double_aeabi_rp2040.S.o
                0x10002388                __wrap___aeabi_dcmpgt
 .text.__wrap___aeabi_dcmpun
                0x10002392       0x18 CMakeFiles/pico_loetregler.dir/home/mitg/.pico-sdk/sdk/2.1.1/src/rp2_common/pico_double/double_aeabi_rp2040.S.o
                0x10002392                __wrap___aeabi_dcmpun
 *fill*         0x100023aa        0x2 
 .text.__wrap___aeabi_i2d
                0x100023ac       0x38 CMakeFiles/pico_loetregler.dir/home/mitg/.pico-sdk/sdk/2.1.1/src/rp2_common/pico_double/double_aeabi_rp2040.S.o
                0x100023ac                __wrap___aeabi_ui2d
                0x100023ac                uint2double
                0x100023b4                __wrap___aeabi_i2d
                0x100023b4                int2double
 .text.__wrap___aeabi_d2iz
                0x100023e4       0x48 CMakeFiles/pico_loetregler.dir/home/mitg/.pico-sdk/sdk/2.1.1/src/rp2_common/pico_double/double_aeabi_rp2040.S.o
                0x100023e4                __wrap___aeabi_d2iz
                0x100023e4                double2int_z
 .text.__wrap___aeabi_d2uiz
                0x1000242c       0x18 CMakeFiles/pico_loetregler.dir/home/mitg/.pico-sdk/sdk/2.1.1/src/rp2_common/pico_double/double_aeabi_rp2040.S.o
                0x1000242c                double2uint_z
                0x1000242c                double2uint
                0x1000242c                __wrap___aeabi_d2uiz
 .text.__aeabi_double_init
                0x10002444       0xa4 CMakeFiles/pico_loetregler.dir/home/mitg/.pico-sdk/sdk/2.1.1/src/rp2_common/pico_double/double_init_rom_rp2040.c.o
                0x10002444                __aeabi_double_init
 .text.double_table_shim_on_use_helper
                0x100024e8       0x2c CMakeFiles/pico_loetregler.dir/home/mitg/.pico-sdk/sdk/2.1.1/src/rp2_common/pico_double/double_v1_rom_shim_rp2040.S.o
                0x100024e8                double_table_shim_on_use_helper
 .text.__wrap___aeabi_dsub
                0x10002514       0x10 CMakeFiles/pico_loetregler.dir/home/mitg/.pico-sdk/sdk/2.1.1/src/rp2_common/pico_double/double_v1_rom_shim_rp2040.S.o
                0x10002514                drsub_shim
                0x1000251a                dsub_shim
 .text.dadd_shim
                0x10002524      0x15c CMakeFiles/pico_loetregler.dir/home/mitg/.pico-sdk/sdk/2.1.1/src/rp2_common/pico_double/double_v1_rom_shim_rp2040.S.o
                0x10002524                dadd_shim
 .text.dmul_shim
                0x10002680      0x15c CMakeFiles/pico_loetregler.dir/home/mitg/.pico-sdk/sdk/2.1.1/src/rp2_common/pico_double/double_v1_rom_shim_rp2040.S.o
                0x10002680                dmul_shim
 .text.ddiv_shim
                0x100027dc      0x1b0 CMakeFiles/pico_loetregler.dir/home/mitg/.pico-sdk/sdk/2.1.1/src/rp2_common/pico_double/double_v1_rom_shim_rp2040.S.o
                0x100027dc                ddiv_shim
 .text.double2uint_shim
                0x1000298c        0xe CMakeFiles/pico_loetregler.dir/home/mitg/.pico-sdk/sdk/2.1.1/src/rp2_common/pico_double/double_v1_rom_shim_rp2040.S.o
                0x1000298c                double2uint_shim
                0x1000298e                double2ufix_shim
 *fill*         0x1000299a        0x2 
 .text.double2uint64_shim
                0x1000299c       0x70 CMakeFiles/pico_loetregler.dir/home/mitg/.pico-sdk/sdk/2.1.1/src/rp2_common/pico_double/double_v1_rom_shim_rp2040.S.o
                0x1000299c                double2uint64_shim
                0x1000299e                double2ufix64_shim
                0x100029be                d2fix_a
 .text.dunpacks
                0x10002a0c       0x3c CMakeFiles/pico_loetregler.dir/home/mitg/.pico-sdk/sdk/2.1.1/src/rp2_common/pico_double/double_v1_rom_shim_rp2040.S.o
                0x10002a0c                dunpacks
 .text.__aeabi_lmul
                0x10002a48       0x32 CMakeFiles/pico_loetregler.dir/home/mitg/.pico-sdk/sdk/2.1.1/src/rp2_common/pico_int64_ops/pico_int64_ops_aeabi.S.o
                0x10002a48                __wrap___aeabi_lmul
 *fill*         0x10002a7a        0x2 
 .text.__wrap___aeabi_farithmetic
                0x10002a7c       0x48 CMakeFiles/pico_loetregler.dir/home/mitg/.pico-sdk/sdk/2.1.1/src/rp2_common/pico_float/float_aeabi_rp2040.S.o
                0x10002a7c                __wrap___aeabi_frsub
                0x10002a82                __wrap___aeabi_fsub
                0x10002a88                __wrap___aeabi_fadd
                0x10002a8e                __wrap___aeabi_fdiv
                0x10002ab6                __wrap___aeabi_fmul
 .text.__wrap___aeabi_cfcmple
                0x10002ac4       0x50 CMakeFiles/pico_loetregler.dir/home/mitg/.pico-sdk/sdk/2.1.1/src/rp2_common/pico_float/float_aeabi_rp2040.S.o
                0x10002ac4                __wrap___aeabi_cfrcmple
                0x10002ad0                __wrap___aeabi_cfcmpeq
                0x10002ad0                __wrap___aeabi_cfcmple
 .text.__wrap___aeabi_fcmpgt
                0x10002b14        0xa CMakeFiles/pico_loetregler.dir/home/mitg/.pico-sdk/sdk/2.1.1/src/rp2_common/pico_float/float_aeabi_rp2040.S.o
                0x10002b14                __wrap___aeabi_fcmpgt
 *fill*         0x10002b1e        0x2 
 .text.__wrap___aeabi_i2f
                0x10002b20       0x44 CMakeFiles/pico_loetregler.dir/home/mitg/.pico-sdk/sdk/2.1.1/src/rp2_common/pico_float/float_aeabi_rp2040.S.o
                0x10002b20                int2float
                0x10002b20                __wrap___aeabi_i2f
 .text.__wrap___aeabi_f2d
                0x10002b64       0x14 CMakeFiles/pico_loetregler.dir/home/mitg/.pico-sdk/sdk/2.1.1/src/rp2_common/pico_float/float_aeabi_rp2040.S.o
                0x10002b64                __wrap___aeabi_f2d
 .text.__aeabi_float_init
                0x10002b78       0x64 CMakeFiles/pico_loetregler.dir/home/mitg/.pico-sdk/sdk/2.1.1/src/rp2_common/pico_float/float_init_rom_rp2040.c.o
                0x10002b78                __aeabi_float_init
 .text.float_table_shim_on_use_helper
                0x10002bdc       0x2c CMakeFiles/pico_loetregler.dir/home/mitg/.pico-sdk/sdk/2.1.1/src/rp2_common/pico_float/float_v1_rom_shim_rp2040.S.o
                0x10002bdc                float_table_shim_on_use_helper
 .text.float2double_shim
                0x10002c08       0x30 CMakeFiles/pico_loetregler.dir/home/mitg/.pico-sdk/sdk/2.1.1/src/rp2_common/pico_float/float_v1_rom_shim_rp2040.S.o
                0x10002c08                float2double_shim
 .text.__wrap_calloc
                0x10002c38       0x28 CMakeFiles/pico_loetregler.dir/home/mitg/.pico-sdk/sdk/2.1.1/src/rp2_common/pico_malloc/malloc.c.o
                0x10002c38                __wrap_calloc
 .text          0x10002c60       0x10 CMakeFiles/pico_loetregler.dir/home/mitg/.pico-sdk/sdk/2.1.1/src/rp2_common/pico_mem_ops/mem_ops_aeabi.S.o
                0x10002c60                __aeabi_mem_init
 .text.memset   0x10002c70        0xc CMakeFiles/pico_loetregler.dir/home/mitg/.pico-sdk/sdk/2.1.1/src/rp2_common/pico_mem_ops/mem_ops_aeabi.S.o
                0x10002c70                __wrap_memset
 .text.memcpy   0x10002c7c        0xc CMakeFiles/pico_loetregler.dir/home/mitg/.pico-sdk/sdk/2.1.1/src/rp2_common/pico_mem_ops/mem_ops_aeabi.S.o
                0x10002c7c                __wrap___aeabi_memcpy
                0x10002c7c                __wrap_memcpy
 .text._out_buffer
                0x10002c88        0x8 CMakeFiles/pico_loetregler.dir/home/mitg/.pico-sdk/sdk/2.1.1/src/rp2_common/pico_printf/printf.c.o
 .text._out_null
                0x10002c90        0x4 CMakeFiles/pico_loetregler.dir/home/mitg/.pico-sdk/sdk/2.1.1/src/rp2_common/pico_printf/printf.c.o
 .text._out_rev
                0x10002c94       0xac CMakeFiles/pico_loetregler.dir/home/mitg/.pico-sdk/sdk/2.1.1/src/rp2_common/pico_printf/printf.c.o
 .text._ntoa_format
                0x10002d40      0x1cc CMakeFiles/pico_loetregler.dir/home/mitg/.pico-sdk/sdk/2.1.1/src/rp2_common/pico_printf/printf.c.o
 .text._out_char
                0x10002f0c       0x10 CMakeFiles/pico_loetregler.dir/home/mitg/.pico-sdk/sdk/2.1.1/src/rp2_common/pico_printf/printf.c.o
 .text._ftoa    0x10002f1c      0x4a8 CMakeFiles/pico_loetregler.dir/home/mitg/.pico-sdk/sdk/2.1.1/src/rp2_common/pico_printf/printf.c.o
 .text._etoa    0x100033c4      0x57c CMakeFiles/pico_loetregler.dir/home/mitg/.pico-sdk/sdk/2.1.1/src/rp2_common/pico_printf/printf.c.o
 .text._vsnprintf
                0x10003940      0xbe0 CMakeFiles/pico_loetregler.dir/home/mitg/.pico-sdk/sdk/2.1.1/src/rp2_common/pico_printf/printf.c.o
 .text.__wrap_snprintf
                0x10004520       0x28 CMakeFiles/pico_loetregler.dir/home/mitg/.pico-sdk/sdk/2.1.1/src/rp2_common/pico_printf/printf.c.o
                0x10004520                __wrap_snprintf
 .text.weak_raw_vprintf
                0x10004548       0x30 CMakeFiles/pico_loetregler.dir/home/mitg/.pico-sdk/sdk/2.1.1/src/rp2_common/pico_printf/printf.c.o
                0x10004548                weak_raw_vprintf
 .text._exit    0x10004578        0x4 CMakeFiles/pico_loetregler.dir/home/mitg/.pico-sdk/sdk/2.1.1/src/rp2_common/pico_clib_interface/newlib_interface.c.o
                0x10004578                _exit
 .text._sbrk    0x1000457c       0x34 CMakeFiles/pico_loetregler.dir/home/mitg/.pico-sdk/sdk/2.1.1/src/rp2_common/pico_clib_interface/newlib_interface.c.o
                0x1000457c                _sbrk
 .text.exit     0x100045b0        0x8 CMakeFiles/pico_loetregler.dir/home/mitg/.pico-sdk/sdk/2.1.1/src/rp2_common/pico_clib_interface/newlib_interface.c.o
                0x100045b0                exit
 .text.runtime_init
                0x100045b8       0x2c CMakeFiles/pico_loetregler.dir/home/mitg/.pico-sdk/sdk/2.1.1/src/rp2_common/pico_clib_interface/newlib_interface.c.o
                0x100045b8                runtime_init
 .text.stdio_out_chars_no_crlf
                0x100045e4       0x10 CMakeFiles/pico_loetregler.dir/home/mitg/.pico-sdk/sdk/2.1.1/src/rp2_common/pico_stdio/stdio.c.o
 .text.stdio_out_chars_crlf
                0x100045f4       0xb0 CMakeFiles/pico_loetregler.dir/home/mitg/.pico-sdk/sdk/2.1.1/src/rp2_common/pico_stdio/stdio.c.o
 .text.stdio_put_string
                0x100046a4       0xfc CMakeFiles/pico_loetregler.dir/home/mitg/.pico-sdk/sdk/2.1.1/src/rp2_common/pico_stdio/stdio.c.o
                0x100046a4                stdio_put_string
 .text.stdio_set_driver_enabled
                0x100047a0       0x30 CMakeFiles/pico_loetregler.dir/home/mitg/.pico-sdk/sdk/2.1.1/src/rp2_common/pico_stdio/stdio.c.o
                0x100047a0                stdio_set_driver_enabled
 .text.stdio_init_all
                0x100047d0        0xc CMakeFiles/pico_loetregler.dir/home/mitg/.pico-sdk/sdk/2.1.1/src/rp2_common/pico_stdio/stdio.c.o
                0x100047d0                stdio_init_all
 .text.__wrap_putchar
                0x100047dc       0x94 CMakeFiles/pico_loetregler.dir/home/mitg/.pico-sdk/sdk/2.1.1/src/rp2_common/pico_stdio/stdio.c.o
                0x100047dc                stdio_putchar
                0x100047dc                __wrap_putchar
 .text.__wrap_puts
                0x10004870       0x3c CMakeFiles/pico_loetregler.dir/home/mitg/.pico-sdk/sdk/2.1.1/src/rp2_common/pico_stdio/stdio.c.o
                0x10004870                __wrap_puts
                0x10004870                stdio_puts
 .text.stdio_uart_out_chars
                0x100048ac       0x4c CMakeFiles/pico_loetregler.dir/home/mitg/.pico-sdk/sdk/2.1.1/src/rp2_common/pico_stdio_uart/stdio_uart.c.o
 .text.stdio_uart_in_chars
                0x100048f8       0x90 CMakeFiles/pico_loetregler.dir/home/mitg/.pico-sdk/sdk/2.1.1/src/rp2_common/pico_stdio_uart/stdio_uart.c.o
                0x100048f8                stdio_uart_in_chars
 .text.on_uart_rx
                0x10004988       0x28 CMakeFiles/pico_loetregler.dir/home/mitg/.pico-sdk/sdk/2.1.1/src/rp2_common/pico_stdio_uart/stdio_uart.c.o
 .text.stdio_uart_out_flush
                0x100049b0       0x14 CMakeFiles/pico_loetregler.dir/home/mitg/.pico-sdk/sdk/2.1.1/src/rp2_common/pico_stdio_uart/stdio_uart.c.o
 .text.stdio_uart_set_chars_available_callback
                0x100049c4       0x84 CMakeFiles/pico_loetregler.dir/home/mitg/.pico-sdk/sdk/2.1.1/src/rp2_common/pico_stdio_uart/stdio_uart.c.o
 .text.stdio_uart_init
                0x10004a48       0x50 CMakeFiles/pico_loetregler.dir/home/mitg/.pico-sdk/sdk/2.1.1/src/rp2_common/pico_stdio_uart/stdio_uart.c.o
                0x10004a48                stdio_uart_init
 .text.adc_init
                0x10004a98       0x38 CMakeFiles/pico_loetregler.dir/home/mitg/.pico-sdk/sdk/2.1.1/src/rp2_common/hardware_adc/adc.c.o
                0x10004a98                adc_init
 .text.i2c_write_blocking_internal.constprop.0
                0x10004ad0       0xf8 CMakeFiles/pico_loetregler.dir/home/mitg/.pico-sdk/sdk/2.1.1/src/rp2_common/hardware_i2c/i2c.c.o
 .text.i2c_set_baudrate
                0x10004bc8       0xc0 CMakeFiles/pico_loetregler.dir/home/mitg/.pico-sdk/sdk/2.1.1/src/rp2_common/hardware_i2c/i2c.c.o
                0x10004bc8                i2c_set_baudrate
 .text.i2c_init
                0x10004c88       0x50 CMakeFiles/pico_loetregler.dir/home/mitg/.pico-sdk/sdk/2.1.1/src/rp2_common/hardware_i2c/i2c.c.o
                0x10004c88                i2c_init
 .text.i2c_write_blocking
                0x10004cd8       0x14 CMakeFiles/pico_loetregler.dir/home/mitg/.pico-sdk/sdk/2.1.1/src/rp2_common/hardware_i2c/i2c.c.o
                0x10004cd8                i2c_write_blocking
 .text.calloc   0x10004cec       0x18 /home/mitg/.pico-sdk/toolchain/14_2_Rel1/bin/../lib/gcc/arm-none-eabi/14.2.1/../../../../arm-none-eabi/lib/thumb/v6-m/nofp/libg.a(libc_a-calloc.o)
                0x10004cec                calloc
 .text._calloc_r
                0x10004d04       0xa8 /home/mitg/.pico-sdk/toolchain/14_2_Rel1/bin/../lib/gcc/arm-none-eabi/14.2.1/../../../../arm-none-eabi/lib/thumb/v6-m/nofp/libg.a(libc_a-callocr.o)
                0x10004d04                _calloc_r
 .text._malloc_r
                0x10004dac      0x5cc /home/mitg/.pico-sdk/toolchain/14_2_Rel1/bin/../lib/gcc/arm-none-eabi/14.2.1/../../../../arm-none-eabi/lib/thumb/v6-m/nofp/libg.a(libc_a-mallocr.o)
                0x10004dac                _malloc_r
 .text.__malloc_lock
                0x10005378       0x10 /home/mitg/.pico-sdk/toolchain/14_2_Rel1/bin/../lib/gcc/arm-none-eabi/14.2.1/../../../../arm-none-eabi/lib/thumb/v6-m/nofp/libg.a(libc_a-mlock.o)
                0x10005378                __malloc_lock
 .text.__malloc_unlock
                0x10005388       0x10 /home/mitg/.pico-sdk/toolchain/14_2_Rel1/bin/../lib/gcc/arm-none-eabi/14.2.1/../../../../arm-none-eabi/lib/thumb/v6-m/nofp/libg.a(libc_a-mlock.o)
                0x10005388                __malloc_unlock
 .text._sbrk_r  0x10005398       0x24 /home/mitg/.pico-sdk/toolchain/14_2_Rel1/bin/../lib/gcc/arm-none-eabi/14.2.1/../../../../arm-none-eabi/lib/thumb/v6-m/nofp/libg.a(libc_a-sbrkr.o)
                0x10005398                _sbrk_r
 .text.__errno  0x100053bc        0xc /home/mitg/.pico-sdk/toolchain/14_2_Rel1/bin/../lib/gcc/arm-none-eabi/14.2.1/../../../../arm-none-eabi/lib/thumb/v6-m/nofp/libg.a(libc_a-errno.o)
                0x100053bc                __errno
 .text.__retarget_lock_acquire_recursive
                0x100053c8        0x4 /home/mitg/.pico-sdk/toolchain/14_2_Rel1/bin/../lib/gcc/arm-none-eabi/14.2.1/../../../../arm-none-eabi/lib/thumb/v6-m/nofp/libg.a(libc_a-lock.o)
                0x100053c8                __retarget_lock_acquire_recursive
 .text.__retarget_lock_release_recursive
                0x100053cc        0x4 /home/mitg/.pico-sdk/toolchain/14_2_Rel1/bin/../lib/gcc/arm-none-eabi/14.2.1/../../../../arm-none-eabi/lib/thumb/v6-m/nofp/libg.a(libc_a-lock.o)
                0x100053cc                __retarget_lock_release_recursive
 .text.sysconf  0x100053d0       0x1c /home/mitg/.pico-sdk/toolchain/14_2_Rel1/bin/../lib/gcc/arm-none-eabi/14.2.1/../../../../arm-none-eabi/lib/thumb/v6-m/nofp/libg.a(libc_a-sysconf.o)
                0x100053d0                sysconf
 .text.strlen   0x100053ec       0x5c /home/mitg/.pico-sdk/toolchain/14_2_Rel1/bin/../lib/gcc/arm-none-eabi/14.2.1/../../../../arm-none-eabi/lib/thumb/v6-m/nofp/libg.a(libc_a-strlen-stub.o)
                0x100053ec                strlen
 .text._malloc_trim_r
                0x10005448       0xb4 /home/mitg/.pico-sdk/toolchain/14_2_Rel1/bin/../lib/gcc/arm-none-eabi/14.2.1/../../../../arm-none-eabi/lib/thumb/v6-m/nofp/libg.a(libc_a-freer.o)
                0x10005448                _malloc_trim_r
 .text._free_r  0x100054fc      0x1f0 /home/mitg/.pico-sdk/toolchain/14_2_Rel1/bin/../lib/gcc/arm-none-eabi/14.2.1/../../../../arm-none-eabi/lib/thumb/v6-m/nofp/libg.a(libc_a-freer.o)
                0x100054fc                _free_r
 *(.fini)
 .fini          0x100056ec        0x4 /home/mitg/.pico-sdk/toolchain/14_2_Rel1/bin/../lib/gcc/arm-none-eabi/14.2.1/thumb/v6-m/nofp/crti.o
                0x100056ec                _fini
 .fini.__stub   0x100056f0       0x40 linker stubs
 *crtbegin.o(.ctors)
 *crtbegin?.o(.ctors)
 *(EXCLUDE_FILE(*crtend.o *crtend?.o) .ctors)
 *(SORT_BY_NAME(.ctors.*))
 *(.ctors)
 *crtbegin.o(.dtors)
 *crtbegin?.o(.dtors)
 *(EXCLUDE_FILE(*crtend.o *crtend?.o) .dtors)
 *(SORT_BY_NAME(.dtors.*))
 *(.dtors)
                0x10005730                        . = ALIGN (0x4)
                0x10005730                        PROVIDE (__preinit_array_start = .)
 *(SORT_BY_NAME(.preinit_array.*))
 .preinit_array.00100
                0x10005730        0x4 CMakeFiles/pico_loetregler.dir/home/mitg/.pico-sdk/sdk/2.1.1/src/rp2_common/pico_runtime_init/runtime_init.c.o
                0x10005730                __pre_init_runtime_init_early_resets
 .preinit_array.00101
                0x10005734        0x4 CMakeFiles/pico_loetregler.dir/home/mitg/.pico-sdk/sdk/2.1.1/src/rp2_common/pico_runtime_init/runtime_init.c.o
                0x10005734                __pre_init_runtime_init_usb_power_down
 .preinit_array.00275
                0x10005738        0x4 CMakeFiles/pico_loetregler.dir/home/mitg/.pico-sdk/sdk/2.1.1/src/rp2_common/pico_bit_ops/bit_ops_aeabi.S.o
 .preinit_array.00300
                0x1000573c        0x4 CMakeFiles/pico_loetregler.dir/home/mitg/.pico-sdk/sdk/2.1.1/src/rp2_common/pico_mem_ops/mem_ops_aeabi.S.o
 .preinit_array.00350
                0x10005740        0x4 CMakeFiles/pico_loetregler.dir/home/mitg/.pico-sdk/sdk/2.1.1/src/rp2_common/pico_double/double_aeabi_rp2040.S.o
 .preinit_array.00350
                0x10005744        0x4 CMakeFiles/pico_loetregler.dir/home/mitg/.pico-sdk/sdk/2.1.1/src/rp2_common/pico_float/float_aeabi_rp2040.S.o
 .preinit_array.00500
                0x10005748        0x4 CMakeFiles/pico_loetregler.dir/home/mitg/.pico-sdk/sdk/2.1.1/src/rp2_common/pico_runtime_init/runtime_init.c.o
                0x10005748                __pre_init_runtime_init_clocks
 .preinit_array.00600
                0x1000574c        0x4 CMakeFiles/pico_loetregler.dir/home/mitg/.pico-sdk/sdk/2.1.1/src/rp2_common/pico_runtime_init/runtime_init.c.o
                0x1000574c                __pre_init_runtime_init_post_clock_resets
 .preinit_array.00700
                0x10005750        0x4 CMakeFiles/pico_loetregler.dir/home/mitg/.pico-sdk/sdk/2.1.1/src/rp2_common/pico_runtime_init/runtime_init.c.o
                0x10005750                __pre_init_runtime_init_rp2040_gpio_ie_disable
 .preinit_array.01000
                0x10005754        0x4 CMakeFiles/pico_loetregler.dir/home/mitg/.pico-sdk/sdk/2.1.1/src/rp2_common/pico_runtime_init/runtime_init.c.o
                0x10005754                __pre_init_runtime_init_spin_locks_reset
 .preinit_array.01100
                0x10005758        0x4 CMakeFiles/pico_loetregler.dir/home/mitg/.pico-sdk/sdk/2.1.1/src/common/pico_sync/mutex.c.o
                0x10005758                __pre_init_runtime_init_mutex
 .preinit_array.10080
                0x1000575c        0x4 CMakeFiles/pico_loetregler.dir/home/mitg/.pico-sdk/sdk/2.1.1/src/rp2_common/pico_runtime_init/runtime_init.c.o
                0x1000575c                __pre_init_runtime_init_install_ram_vector_table
 .preinit_array.11000
                0x10005760        0x4 CMakeFiles/pico_loetregler.dir/home/mitg/.pico-sdk/sdk/2.1.1/src/common/pico_time/time.c.o
                0x10005760                __pre_init_runtime_init_default_alarm_pool
 .preinit_array.YYYYY
                0x10005764        0x4 CMakeFiles/pico_loetregler.dir/home/mitg/.pico-sdk/sdk/2.1.1/src/rp2_common/pico_runtime/runtime.c.o
                0x10005764                __pre_init_first_per_core_initializer
 .preinit_array.ZZZZZ.01200
                0x10005768        0x4 CMakeFiles/pico_loetregler.dir/home/mitg/.pico-sdk/sdk/2.1.1/src/rp2_common/hardware_irq/irq.c.o
                0x10005768                __pre_init_runtime_init_per_core_irq_priorities
 *(.preinit_array)
                0x1000576c                        PROVIDE (__preinit_array_end = .)
                0x1000576c                        . = ALIGN (0x4)
                0x1000576c                        PROVIDE (__init_array_start = .)
 *(SORT_BY_NAME(.init_array.*))
 *(.init_array)
 .init_array    0x1000576c        0x4 /home/mitg/.pico-sdk/toolchain/14_2_Rel1/bin/../lib/gcc/arm-none-eabi/14.2.1/thumb/v6-m/nofp/crtbegin.o
                0x10005770                        PROVIDE (__init_array_end = .)
                0x10005770                        . = ALIGN (0x4)
                [!provide]                        PROVIDE (__fini_array_start = .)
 *(SORT_BY_NAME(.fini_array.*))
 *(.fini_array)
                [!provide]                        PROVIDE (__fini_array_end = .)
 *(.eh_frame*)
 .eh_frame      0x10005770        0x0 /home/mitg/.pico-sdk/toolchain/14_2_Rel1/bin/../lib/gcc/arm-none-eabi/14.2.1/thumb/v6-m/nofp/crtbegin.o
                0x10005770                        . = ALIGN (0x4)

.glue_7         0x10005770        0x0
 .glue_7        0x10005770        0x0 linker stubs

.glue_7t        0x10005770        0x0
 .glue_7t       0x10005770        0x0 linker stubs

.vfp11_veneer   0x10005770        0x0
 .vfp11_veneer  0x10005770        0x0 linker stubs

.v4_bx          0x10005770        0x0
 .v4_bx         0x10005770        0x0 linker stubs

.iplt           0x10005770        0x0
 .iplt          0x10005770        0x0 /home/mitg/.pico-sdk/toolchain/14_2_Rel1/bin/../lib/gcc/arm-none-eabi/14.2.1/thumb/v6-m/nofp/crtbegin.o

.rodata         0x10005770      0x550
 *(EXCLUDE_FILE(*libm.a: *libc.a:*lib_a-mem*.o *libgcc.a:) .rodata*)
 .rodata.init_display.str1.4
                0x10005770      0x10c CMakeFiles/pico_loetregler.dir/main.c.o
                                 0x14 (size before relaxing)
 .rodata.main.str1.4
                0x1000587c       0x19 CMakeFiles/pico_loetregler.dir/main.c.o
 .rodata.font5x8
                0x1000587c      0x1e0 CMakeFiles/pico_loetregler.dir/ssd1306.c.o
 .rodata.panic.str1.4
                0x10005a5c       0x12 CMakeFiles/pico_loetregler.dir/home/mitg/.pico-sdk/sdk/2.1.1/src/rp2_common/pico_platform_panic/panic.c.o
 .rodata.timer_hardware_alarm_claim.str1.4
                0x10005a5c       0x22 CMakeFiles/pico_loetregler.dir/home/mitg/.pico-sdk/sdk/2.1.1/src/rp2_common/hardware_timer/timer.c.o
 .rodata.hard_assertion_failure.str1.4
                0x10005a5c        0xc CMakeFiles/pico_loetregler.dir/home/mitg/.pico-sdk/sdk/2.1.1/src/rp2_common/pico_runtime/runtime.c.o
 .rodata.__wrap_malloc.str1.4
                0x10005a5c        0xe CMakeFiles/pico_loetregler.dir/home/mitg/.pico-sdk/sdk/2.1.1/src/rp2_common/pico_malloc/malloc.c.o
 .rodata.str1.4
                0x10005a5c       0x44 CMakeFiles/pico_loetregler.dir/home/mitg/.pico-sdk/sdk/2.1.1/src/rp2_common/pico_standard_binary_info/standard_binary_info.c.o
 .rodata.__bi_84
                0x10005a5c        0xc CMakeFiles/pico_loetregler.dir/home/mitg/.pico-sdk/sdk/2.1.1/src/rp2_common/pico_standard_binary_info/standard_binary_info.c.o
 .rodata.__bi_78
                0x10005a68        0xc CMakeFiles/pico_loetregler.dir/home/mitg/.pico-sdk/sdk/2.1.1/src/rp2_common/pico_standard_binary_info/standard_binary_info.c.o
 .rodata.__bi_54
                0x10005a74        0xc CMakeFiles/pico_loetregler.dir/home/mitg/.pico-sdk/sdk/2.1.1/src/rp2_common/pico_standard_binary_info/standard_binary_info.c.o
 .rodata.__bi_48
                0x10005a80        0xc CMakeFiles/pico_loetregler.dir/home/mitg/.pico-sdk/sdk/2.1.1/src/rp2_common/pico_standard_binary_info/standard_binary_info.c.o
 .rodata.__bi_42
                0x10005a8c        0xc CMakeFiles/pico_loetregler.dir/home/mitg/.pico-sdk/sdk/2.1.1/src/rp2_common/pico_standard_binary_info/standard_binary_info.c.o
 .rodata.__bi_34
                0x10005a98        0xc CMakeFiles/pico_loetregler.dir/home/mitg/.pico-sdk/sdk/2.1.1/src/rp2_common/pico_standard_binary_info/standard_binary_info.c.o
 .rodata.__bi_26
                0x10005aa4        0xc CMakeFiles/pico_loetregler.dir/home/mitg/.pico-sdk/sdk/2.1.1/src/rp2_common/pico_standard_binary_info/standard_binary_info.c.o
 .rodata._ftoa.str1.4
                0x10005ab0       0x15 CMakeFiles/pico_loetregler.dir/home/mitg/.pico-sdk/sdk/2.1.1/src/rp2_common/pico_printf/printf.c.o
 .rodata._vsnprintf
                0x10005ab0      0x19c CMakeFiles/pico_loetregler.dir/home/mitg/.pico-sdk/sdk/2.1.1/src/rp2_common/pico_printf/printf.c.o
 *fill*         0x10005c4c        0x4 
 .rodata.pow10.0
                0x10005c50       0x50 CMakeFiles/pico_loetregler.dir/home/mitg/.pico-sdk/sdk/2.1.1/src/rp2_common/pico_printf/printf.c.o
 .rodata.crlf_str.0
                0x10005ca0        0x2 CMakeFiles/pico_loetregler.dir/home/mitg/.pico-sdk/sdk/2.1.1/src/rp2_common/pico_stdio/stdio.c.o
 .rodata.str1.4
                0x10005ca2       0x2c CMakeFiles/pico_loetregler.dir/home/mitg/.pico-sdk/sdk/2.1.1/src/rp2_common/pico_stdio_uart/stdio_uart.c.o
 *fill*         0x10005ca2        0x2 
 .rodata.__bi_45.4
                0x10005ca4        0xc CMakeFiles/pico_loetregler.dir/home/mitg/.pico-sdk/sdk/2.1.1/src/rp2_common/pico_stdio_uart/stdio_uart.c.o
 .rodata.__bi_49.5
                0x10005cb0        0x8 CMakeFiles/pico_loetregler.dir/home/mitg/.pico-sdk/sdk/2.1.1/src/rp2_common/pico_stdio_uart/stdio_uart.c.o
 .rodata.__bi_50.6
                0x10005cb8        0x8 CMakeFiles/pico_loetregler.dir/home/mitg/.pico-sdk/sdk/2.1.1/src/rp2_common/pico_stdio_uart/stdio_uart.c.o
                0x10005cc0                        . = ALIGN (0x4)
 *(SORT_BY_ALIGNMENT(SORT_BY_NAME(.flashdata*)))
                0x10005cc0                        . = ALIGN (0x4)

.ARM.extab
 *(.ARM.extab* .gnu.linkonce.armextab.*)
                0x10005cc0                        __exidx_start = .

.ARM.exidx
 *(.ARM.exidx* .gnu.linkonce.armexidx.*)
                0x10005cc0                        __exidx_end = .
                0x10005cc0                        . = ALIGN (0x4)
                0x10005cc0                        __binary_info_start = .

.binary_info    0x10005cc0       0x28
 *(.binary_info.keep.*)
 .binary_info.keep.__bi_ptr84
                0x10005cc0        0x4 CMakeFiles/pico_loetregler.dir/home/mitg/.pico-sdk/sdk/2.1.1/src/rp2_common/pico_standard_binary_info/standard_binary_info.c.o
 .binary_info.keep.__bi_ptr78
                0x10005cc4        0x4 CMakeFiles/pico_loetregler.dir/home/mitg/.pico-sdk/sdk/2.1.1/src/rp2_common/pico_standard_binary_info/standard_binary_info.c.o
 .binary_info.keep.__bi_ptr54
                0x10005cc8        0x4 CMakeFiles/pico_loetregler.dir/home/mitg/.pico-sdk/sdk/2.1.1/src/rp2_common/pico_standard_binary_info/standard_binary_info.c.o
 .binary_info.keep.__bi_ptr48
                0x10005ccc        0x4 CMakeFiles/pico_loetregler.dir/home/mitg/.pico-sdk/sdk/2.1.1/src/rp2_common/pico_standard_binary_info/standard_binary_info.c.o
 .binary_info.keep.__bi_ptr42
                0x10005cd0        0x4 CMakeFiles/pico_loetregler.dir/home/mitg/.pico-sdk/sdk/2.1.1/src/rp2_common/pico_standard_binary_info/standard_binary_info.c.o
 .binary_info.keep.__bi_ptr34
                0x10005cd4        0x4 CMakeFiles/pico_loetregler.dir/home/mitg/.pico-sdk/sdk/2.1.1/src/rp2_common/pico_standard_binary_info/standard_binary_info.c.o
 .binary_info.keep.__bi_ptr26
                0x10005cd8        0x4 CMakeFiles/pico_loetregler.dir/home/mitg/.pico-sdk/sdk/2.1.1/src/rp2_common/pico_standard_binary_info/standard_binary_info.c.o
 *(.binary_info.*)
 .binary_info.__bi_ptr50
                0x10005cdc        0x4 CMakeFiles/pico_loetregler.dir/home/mitg/.pico-sdk/sdk/2.1.1/src/rp2_common/pico_stdio_uart/stdio_uart.c.o
 .binary_info.__bi_ptr49
                0x10005ce0        0x4 CMakeFiles/pico_loetregler.dir/home/mitg/.pico-sdk/sdk/2.1.1/src/rp2_common/pico_stdio_uart/stdio_uart.c.o
 .binary_info.__bi_ptr45
                0x10005ce4        0x4 CMakeFiles/pico_loetregler.dir/home/mitg/.pico-sdk/sdk/2.1.1/src/rp2_common/pico_stdio_uart/stdio_uart.c.o
                0x10005ce8                        __binary_info_end = .

.rel.dyn        0x10005ce8        0x0
 .rel.iplt      0x10005ce8        0x0 /home/mitg/.pico-sdk/toolchain/14_2_Rel1/bin/../lib/gcc/arm-none-eabi/14.2.1/thumb/v6-m/nofp/crtbegin.o
                0x10005ce8                        . = ALIGN (0x4)

.ram_vector_table
                0x20000000       0xc0
 *(.ram_vector_table)
 .ram_vector_table
                0x20000000       0xc0 CMakeFiles/pico_loetregler.dir/home/mitg/.pico-sdk/sdk/2.1.1/src/rp2_common/pico_runtime_init/runtime_init.c.o
                0x20000000                ram_vector_table

.uninitialized_data
                0x200000c0        0x0
                0x200000c0                        . = ALIGN (0x4)
 *(.uninitialized_data*)

.data           0x200000c0      0x6e0 load address 0x10005ce8
                0x200000c0                        __data_start__ = .
 *(vtable)
 *(.time_critical*)
 .time_critical.mutex_try_enter_block_until
                0x200000c0       0x98 CMakeFiles/pico_loetregler.dir/home/mitg/.pico-sdk/sdk/2.1.1/src/common/pico_sync/mutex.c.o
                0x200000c0                mutex_try_enter_block_until
 .time_critical.mutex_exit
                0x20000158       0x28 CMakeFiles/pico_loetregler.dir/home/mitg/.pico-sdk/sdk/2.1.1/src/common/pico_sync/mutex.c.o
                0x20000158                mutex_exit
 *(.text*)
 .text          0x20000180        0x4 /home/mitg/.pico-sdk/toolchain/14_2_Rel1/bin/../lib/gcc/arm-none-eabi/14.2.1/thumb/v6-m/nofp/libgcc.a(_dvmd_tls.o)
                0x20000180                __aeabi_ldiv0
                0x20000180                __aeabi_idiv0
 *fill*         0x20000184        0x4 
 .text.__stub   0x20000188       0x10 linker stubs
                0x20000198                        . = ALIGN (0x4)
 *(.rodata*)
                0x20000198                        . = ALIGN (0x4)
 *(.data*)
 .data.tempSoll
                0x20000198        0x2 CMakeFiles/pico_loetregler.dir/main.c.o
                0x20000198                tempSoll
 .data.striped_spin_lock_num
                0x2000019a        0x1 CMakeFiles/pico_loetregler.dir/home/mitg/.pico-sdk/sdk/2.1.1/src/rp2_common/hardware_sync/sync.c.o
 *fill*         0x2000019b        0x1 
 .data          0x2000019c       0x48 CMakeFiles/pico_loetregler.dir/home/mitg/.pico-sdk/sdk/2.1.1/src/rp2_common/hardware_irq/irq_handler_chain.S.o
                0x2000019c                irq_handler_chain_slots
                0x200001cc                irq_handler_chain_first_slot
                0x200001d6                irq_handler_chain_remove_tail
 .data.default_alarm_pool
                0x200001e4       0x18 CMakeFiles/pico_loetregler.dir/home/mitg/.pico-sdk/sdk/2.1.1/src/common/pico_time/time.c.o
 *fill*         0x200001fc        0x4 
 .data.aeabi_bits_funcs
                0x20000200       0x10 CMakeFiles/pico_loetregler.dir/home/mitg/.pico-sdk/sdk/2.1.1/src/rp2_common/pico_bit_ops/bit_ops_aeabi.S.o
                0x20000200                aeabi_bits_funcs
                0x20000210                aeabi_bits_funcs_end
 .data.aeabi_mem_funcs
                0x20000210       0x10 CMakeFiles/pico_loetregler.dir/home/mitg/.pico-sdk/sdk/2.1.1/src/rp2_common/pico_mem_ops/mem_ops_aeabi.S.o
                0x20000210                aeabi_mem_funcs
                0x20000220                aeabi_mem_funcs_end
 .data.stdio_uart
                0x20000220       0x18 CMakeFiles/pico_loetregler.dir/home/mitg/.pico-sdk/sdk/2.1.1/src/rp2_common/pico_stdio_uart/stdio_uart.c.o
                0x20000220                stdio_uart
 .data.i2c0_inst
                0x20000238        0x8 CMakeFiles/pico_loetregler.dir/home/mitg/.pico-sdk/sdk/2.1.1/src/rp2_common/hardware_i2c/i2c.c.o
                0x20000238                i2c0_inst
 .data.__malloc_sbrk_base
                0x20000240        0x4 /home/mitg/.pico-sdk/toolchain/14_2_Rel1/bin/../lib/gcc/arm-none-eabi/14.2.1/../../../../arm-none-eabi/lib/thumb/v6-m/nofp/libg.a(libc_a-mallocr.o)
                0x20000240                __malloc_sbrk_base
 .data.__malloc_trim_threshold
                0x20000244        0x4 /home/mitg/.pico-sdk/toolchain/14_2_Rel1/bin/../lib/gcc/arm-none-eabi/14.2.1/../../../../arm-none-eabi/lib/thumb/v6-m/nofp/libg.a(libc_a-mallocr.o)
                0x20000244                __malloc_trim_threshold
 .data.__malloc_av_
                0x20000248      0x408 /home/mitg/.pico-sdk/toolchain/14_2_Rel1/bin/../lib/gcc/arm-none-eabi/14.2.1/../../../../arm-none-eabi/lib/thumb/v6-m/nofp/libg.a(libc_a-mallocr.o)
                0x20000248                __malloc_av_
 .data._impure_ptr
                0x20000650        0x4 /home/mitg/.pico-sdk/toolchain/14_2_Rel1/bin/../lib/gcc/arm-none-eabi/14.2.1/../../../../arm-none-eabi/lib/thumb/v6-m/nofp/libg.a(libc_a-impure.o)
                0x20000650                _impure_ptr
 *fill*         0x20000654        0x4 
 .data._impure_data
                0x20000658      0x140 /home/mitg/.pico-sdk/toolchain/14_2_Rel1/bin/../lib/gcc/arm-none-eabi/14.2.1/../../../../arm-none-eabi/lib/thumb/v6-m/nofp/libg.a(libc_a-impure.o)
                0x20000658                _impure_data
                0x20000798                        . = ALIGN (0x4)
 *(.after_data.*)
                0x20000798                        . = ALIGN (0x4)
                0x20000798                        PROVIDE (__mutex_array_start = .)
 *(SORT_BY_NAME(.mutex_array.*))
 *(.mutex_array)
 .mutex_array   0x20000798        0x8 CMakeFiles/pico_loetregler.dir/home/mitg/.pico-sdk/sdk/2.1.1/src/rp2_common/pico_stdio/stdio.c.o
                0x200007a0                        PROVIDE (__mutex_array_end = .)
                0x200007a0                        . = ALIGN (0x4)
 *(.jcr)
                0x200007a0                        . = ALIGN (0x4)

.tm_clone_table
                0x200007a0        0x0 load address 0x100063c8
 .tm_clone_table
                0x200007a0        0x0 /home/mitg/.pico-sdk/toolchain/14_2_Rel1/bin/../lib/gcc/arm-none-eabi/14.2.1/thumb/v6-m/nofp/crtbegin.o
 .tm_clone_table
                0x200007a0        0x0 /home/mitg/.pico-sdk/toolchain/14_2_Rel1/bin/../lib/gcc/arm-none-eabi/14.2.1/thumb/v6-m/nofp/crtend.o

.igot.plt       0x200007a0        0x0 load address 0x100063c8
 .igot.plt      0x200007a0        0x0 /home/mitg/.pico-sdk/toolchain/14_2_Rel1/bin/../lib/gcc/arm-none-eabi/14.2.1/thumb/v6-m/nofp/crtbegin.o

.tdata          0x200007a0        0x0 load address 0x100063c8
                0x200007a0                        . = ALIGN (0x4)
 *(.tdata .tdata.* .gnu.linkonce.td.*)
                0x200007a0                        __tdata_end = .
                0x200007a0                        PROVIDE (__data_end__ = .)
                0x10005ce8                        __etext = LOADADDR (.data)

.tbss           0x200007a0        0x0 load address 0x100063c8
                0x200007a0                        . = ALIGN (0x4)
                0x200007a0                        __bss_start__ = .
                0x200007a0                        __tls_base = .
 *(.tbss .tbss.* .gnu.linkonce.tb.*)
 *(.tcommon)
                0x200007a0                        __tls_end = .

.bss            0x200007a0      0x5a8 load address 0x100063c8
                0x200007a0                        . = ALIGN (0x4)
                0x200007a0                        __tbss_end = .
 *(SORT_BY_ALIGNMENT(SORT_BY_NAME(.bss*)))
 .bss.default_alarm_pool_entries
                0x200007a0      0x180 CMakeFiles/pico_loetregler.dir/home/mitg/.pico-sdk/sdk/2.1.1/src/common/pico_time/time.c.o
 .bss.sd_table  0x20000920      0x100 CMakeFiles/pico_loetregler.dir/home/mitg/.pico-sdk/sdk/2.1.1/src/rp2_common/pico_double/double_init_rom_rp2040.c.o
                0x20000920                sd_table
 .bss.sf_table  0x20000a20      0x100 CMakeFiles/pico_loetregler.dir/home/mitg/.pico-sdk/sdk/2.1.1/src/rp2_common/pico_float/float_init_rom_rp2040.c.o
                0x20000a20                sf_table
 .bss.__lock___malloc_recursive_mutex
                0x20000b20        0x1 /home/mitg/.pico-sdk/toolchain/14_2_Rel1/bin/../lib/gcc/arm-none-eabi/14.2.1/../../../../arm-none-eabi/lib/thumb/v6-m/nofp/libg.a(libc_a-lock.o)
                0x20000b20                __lock___malloc_recursive_mutex
 *fill*         0x20000b21        0x3 
 .bss.__malloc_current_mallinfo
                0x20000b24       0x28 /home/mitg/.pico-sdk/toolchain/14_2_Rel1/bin/../lib/gcc/arm-none-eabi/14.2.1/../../../../arm-none-eabi/lib/thumb/v6-m/nofp/libg.a(libc_a-mallocr.o)
                0x20000b24                __malloc_current_mallinfo
 .bss.__malloc_max_sbrked_mem
                0x20000b4c        0x4 /home/mitg/.pico-sdk/toolchain/14_2_Rel1/bin/../lib/gcc/arm-none-eabi/14.2.1/../../../../arm-none-eabi/lib/thumb/v6-m/nofp/libg.a(libc_a-mallocr.o)
                0x20000b4c                __malloc_max_sbrked_mem
 .bss.__malloc_max_total_mem
                0x20000b50        0x4 /home/mitg/.pico-sdk/toolchain/14_2_Rel1/bin/../lib/gcc/arm-none-eabi/14.2.1/../../../../arm-none-eabi/lib/thumb/v6-m/nofp/libg.a(libc_a-mallocr.o)
                0x20000b50                __malloc_max_total_mem
 .bss.__malloc_top_pad
                0x20000b54        0x4 /home/mitg/.pico-sdk/toolchain/14_2_Rel1/bin/../lib/gcc/arm-none-eabi/14.2.1/../../../../arm-none-eabi/lib/thumb/v6-m/nofp/libg.a(libc_a-mallocr.o)
                0x20000b54                __malloc_top_pad
 .bss.__sf      0x20000b58      0x138 /home/mitg/.pico-sdk/toolchain/14_2_Rel1/bin/../lib/gcc/arm-none-eabi/14.2.1/../../../../arm-none-eabi/lib/thumb/v6-m/nofp/libg.a(libc_a-findfp.o)
                0x20000b58                __sf
 .bss.button_is_pressed
                0x20000c90        0x4 CMakeFiles/pico_loetregler.dir/button.c.o
 .bss.button_is_released
                0x20000c94        0x4 CMakeFiles/pico_loetregler.dir/button.c.o
 .bss.button_last_change
                0x20000c98       0x10 CMakeFiles/pico_loetregler.dir/button.c.o
 .bss.button_last_state
                0x20000ca8        0x4 CMakeFiles/pico_loetregler.dir/button.c.o
 .bss.button_state
                0x20000cac        0x4 CMakeFiles/pico_loetregler.dir/button.c.o
 .bss.chars_available_callback
                0x20000cb0        0x4 CMakeFiles/pico_loetregler.dir/home/mitg/.pico-sdk/sdk/2.1.1/src/rp2_common/pico_stdio_uart/stdio_uart.c.o
 .bss.chars_available_param
                0x20000cb4        0x4 CMakeFiles/pico_loetregler.dir/home/mitg/.pico-sdk/sdk/2.1.1/src/rp2_common/pico_stdio_uart/stdio_uart.c.o
 .bss.claimed   0x20000cb8        0x1 CMakeFiles/pico_loetregler.dir/home/mitg/.pico-sdk/sdk/2.1.1/src/rp2_common/hardware_timer/timer.c.o
 *fill*         0x20000cb9        0x3 
 .bss.configured_freq
                0x20000cbc       0x28 CMakeFiles/pico_loetregler.dir/home/mitg/.pico-sdk/sdk/2.1.1/src/rp2_common/hardware_clocks/clocks.c.o
 .bss.display   0x20000ce4        0xc CMakeFiles/pico_loetregler.dir/main.c.o
 .bss.drivers   0x20000cf0        0x4 CMakeFiles/pico_loetregler.dir/home/mitg/.pico-sdk/sdk/2.1.1/src/rp2_common/pico_stdio/stdio.c.o
 .bss.errno     0x20000cf4        0x4 /home/mitg/.pico-sdk/toolchain/14_2_Rel1/bin/../lib/gcc/arm-none-eabi/14.2.1/../../../../arm-none-eabi/lib/thumb/v6-m/nofp/libg.a(libc_a-reent.o)
                0x20000cf4                errno
 .bss.filter    0x20000cf8        0x4 CMakeFiles/pico_loetregler.dir/home/mitg/.pico-sdk/sdk/2.1.1/src/rp2_common/pico_stdio/stdio.c.o
 .bss.heap_end.0
                0x20000cfc        0x4 CMakeFiles/pico_loetregler.dir/home/mitg/.pico-sdk/sdk/2.1.1/src/rp2_common/pico_clib_interface/newlib_interface.c.o
 .bss.lazy_vsnprintf
                0x20000d00        0x4 CMakeFiles/pico_loetregler.dir/home/mitg/.pico-sdk/sdk/2.1.1/src/rp2_common/pico_printf/printf.c.o
 .bss.object.0  0x20000d04       0x18 /home/mitg/.pico-sdk/toolchain/14_2_Rel1/bin/../lib/gcc/arm-none-eabi/14.2.1/thumb/v6-m/nofp/crtbegin.o
 .bss.pools     0x20000d1c       0x10 CMakeFiles/pico_loetregler.dir/home/mitg/.pico-sdk/sdk/2.1.1/src/common/pico_time/time.c.o
 .bss.sf_clz_func
                0x20000d2c        0x4 CMakeFiles/pico_loetregler.dir/home/mitg/.pico-sdk/sdk/2.1.1/src/rp2_common/pico_double/double_init_rom_rp2040.c.o
                0x20000d2c                sf_clz_func
 .bss.sleep_notifier
                0x20000d30        0x4 CMakeFiles/pico_loetregler.dir/home/mitg/.pico-sdk/sdk/2.1.1/src/common/pico_time/time.c.o
 .bss.timeLastTempIncrease
                0x20000d34        0x4 CMakeFiles/pico_loetregler.dir/main.c.o
                0x20000d34                timeLastTempIncrease
 .bss.uBatt     0x20000d38        0x4 CMakeFiles/pico_loetregler.dir/main.c.o
                0x20000d38                uBatt
 .bss.uart_char_to_line_feed
                0x20000d3c        0x4 CMakeFiles/pico_loetregler.dir/home/mitg/.pico-sdk/sdk/2.1.1/src/rp2_common/hardware_uart/uart.c.o
                0x20000d3c                uart_char_to_line_feed
 .bss.uart_instance
                0x20000d40        0x4 CMakeFiles/pico_loetregler.dir/home/mitg/.pico-sdk/sdk/2.1.1/src/rp2_common/pico_stdio_uart/stdio_uart.c.o
 .bss.irq_handler_chain_free_slot_head
                0x20000d44        0x1 CMakeFiles/pico_loetregler.dir/home/mitg/.pico-sdk/sdk/2.1.1/src/rp2_common/hardware_irq/irq.c.o
 .bss.standby   0x20000d45        0x1 CMakeFiles/pico_loetregler.dir/main.c.o
                0x20000d45                standby
 *(COMMON)
                0x20000d48                        . = ALIGN (0x4)
 *fill*         0x20000d46        0x2 
                0x20000d48                        __bss_end__ = .

.heap           0x20000d48      0x800 load address 0x100063c8
                0x20000d48                        __end__ = .
                0x20000d48                        end = __end__
 *(.heap*)
 .heap          0x20000d48      0x800 CMakeFiles/pico_loetregler.dir/home/mitg/.pico-sdk/sdk/2.1.1/src/rp2_common/pico_crt0/crt0.S.o
                0x20040000                        __HeapLimit = (ORIGIN (RAM) + LENGTH (RAM))

.scratch_x      0x20040000        0x0 load address 0x100063c8
                0x20040000                        __scratch_x_start__ = .
 *(.scratch_x.*)
                0x20040000                        . = ALIGN (0x4)
                0x20040000                        __scratch_x_end__ = .
                0x100063c8                        __scratch_x_source__ = LOADADDR (.scratch_x)

.scratch_y      0x20041000        0x0 load address 0x100063c8
                0x20041000                        __scratch_y_start__ = .
 *(.scratch_y.*)
                0x20041000                        . = ALIGN (0x4)
                0x20041000                        __scratch_y_end__ = .
                0x100063c8                        __scratch_y_source__ = LOADADDR (.scratch_y)

.stack1_dummy
 *(.stack1*)

.stack_dummy    0x20041000      0x800
 *(.stack*)
 .stack         0x20041000      0x800 CMakeFiles/pico_loetregler.dir/home/mitg/.pico-sdk/sdk/2.1.1/src/rp2_common/pico_crt0/crt0.S.o

.flash_end      0x100063c8        0x0
 *(.embedded_end_block*)
                0x100063c8                        PROVIDE (__flash_binary_end = .)
                0x20040000                        __StackLimit = (ORIGIN (RAM) + LENGTH (RAM))
                0x20041000                        __StackOneTop = (ORIGIN (SCRATCH_X) + LENGTH (SCRATCH_X))
                0x20042000                        __StackTop = (ORIGIN (SCRATCH_Y) + LENGTH (SCRATCH_Y))
                0x20041000                        __StackOneBottom = (__StackOneTop - SIZEOF (.stack1_dummy))
                0x20041800                        __StackBottom = (__StackTop - SIZEOF (.stack_dummy))
                0x20042000                        PROVIDE (__stack = __StackTop)
                [!provide]                        PROVIDE (__heap_start = __end__)
                [!provide]                        PROVIDE (__heap_end = __HeapLimit)
                [!provide]                        PROVIDE (__tls_align = MAX (ALIGNOF (.tdata), ALIGNOF (.tbss)))
                [!provide]                        PROVIDE (__tls_size_align = (((__tls_size + __tls_align) - 0x1) & ~ ((__tls_align - 0x1))))
                [!provide]                        PROVIDE (__arm32_tls_tcb_offset = MAX (0x8, __tls_align))
                [!provide]                        PROVIDE (_end = __end__)
                [!provide]                        PROVIDE (__llvm_libc_heap_limit = __HeapLimit)
                0x00000001                        ASSERT ((__StackLimit >= __HeapLimit), region RAM overflowed)
                0x00000001                        ASSERT (((__binary_info_header_end - __logical_binary_start) <= 0x100), Binary info must be in first 256 bytes of the binary)
LOAD CMakeFiles/pico_loetregler.dir/main.c.o
LOAD CMakeFiles/pico_loetregler.dir/button.c.o
LOAD CMakeFiles/pico_loetregler.dir/ssd1306.c.o
LOAD CMakeFiles/pico_loetregler.dir/home/mitg/.pico-sdk/sdk/2.1.1/src/rp2_common/pico_stdlib/stdlib.c.o
LOAD CMakeFiles/pico_loetregler.dir/home/mitg/.pico-sdk/sdk/2.1.1/src/rp2_common/hardware_gpio/gpio.c.o
LOAD CMakeFiles/pico_loetregler.dir/home/mitg/.pico-sdk/sdk/2.1.1/src/rp2040/pico_platform/platform.c.o
LOAD CMakeFiles/pico_loetregler.dir/home/mitg/.pico-sdk/sdk/2.1.1/src/rp2_common/pico_platform_panic/panic.c.o
LOAD CMakeFiles/pico_loetregler.dir/home/mitg/.pico-sdk/sdk/2.1.1/src/common/hardware_claim/claim.c.o
LOAD CMakeFiles/pico_loetregler.dir/home/mitg/.pico-sdk/sdk/2.1.1/src/rp2_common/hardware_sync/sync.c.o
LOAD CMakeFiles/pico_loetregler.dir/home/mitg/.pico-sdk/sdk/2.1.1/src/rp2_common/hardware_sync_spin_lock/sync_spin_lock.c.o
LOAD CMakeFiles/pico_loetregler.dir/home/mitg/.pico-sdk/sdk/2.1.1/src/rp2_common/hardware_irq/irq.c.o
LOAD CMakeFiles/pico_loetregler.dir/home/mitg/.pico-sdk/sdk/2.1.1/src/rp2_common/hardware_irq/irq_handler_chain.S.o
LOAD CMakeFiles/pico_loetregler.dir/home/mitg/.pico-sdk/sdk/2.1.1/src/common/pico_sync/sem.c.o
LOAD CMakeFiles/pico_loetregler.dir/home/mitg/.pico-sdk/sdk/2.1.1/src/common/pico_sync/lock_core.c.o
LOAD CMakeFiles/pico_loetregler.dir/home/mitg/.pico-sdk/sdk/2.1.1/src/common/pico_sync/mutex.c.o
LOAD CMakeFiles/pico_loetregler.dir/home/mitg/.pico-sdk/sdk/2.1.1/src/common/pico_sync/critical_section.c.o
LOAD CMakeFiles/pico_loetregler.dir/home/mitg/.pico-sdk/sdk/2.1.1/src/common/pico_time/time.c.o
LOAD CMakeFiles/pico_loetregler.dir/home/mitg/.pico-sdk/sdk/2.1.1/src/common/pico_time/timeout_helper.c.o
LOAD CMakeFiles/pico_loetregler.dir/home/mitg/.pico-sdk/sdk/2.1.1/src/rp2_common/hardware_timer/timer.c.o
LOAD CMakeFiles/pico_loetregler.dir/home/mitg/.pico-sdk/sdk/2.1.1/src/common/pico_util/datetime.c.o
LOAD CMakeFiles/pico_loetregler.dir/home/mitg/.pico-sdk/sdk/2.1.1/src/common/pico_util/pheap.c.o
LOAD CMakeFiles/pico_loetregler.dir/home/mitg/.pico-sdk/sdk/2.1.1/src/common/pico_util/queue.c.o
LOAD CMakeFiles/pico_loetregler.dir/home/mitg/.pico-sdk/sdk/2.1.1/src/rp2_common/hardware_uart/uart.c.o
LOAD CMakeFiles/pico_loetregler.dir/home/mitg/.pico-sdk/sdk/2.1.1/src/rp2_common/hardware_clocks/clocks.c.o
LOAD CMakeFiles/pico_loetregler.dir/home/mitg/.pico-sdk/sdk/2.1.1/src/rp2_common/hardware_pll/pll.c.o
LOAD CMakeFiles/pico_loetregler.dir/home/mitg/.pico-sdk/sdk/2.1.1/src/rp2_common/hardware_vreg/vreg.c.o
LOAD CMakeFiles/pico_loetregler.dir/home/mitg/.pico-sdk/sdk/2.1.1/src/rp2_common/hardware_watchdog/watchdog.c.o
LOAD CMakeFiles/pico_loetregler.dir/home/mitg/.pico-sdk/sdk/2.1.1/src/rp2_common/hardware_ticks/ticks.c.o
LOAD CMakeFiles/pico_loetregler.dir/home/mitg/.pico-sdk/sdk/2.1.1/src/rp2_common/pico_bootrom/bootrom.c.o
LOAD CMakeFiles/pico_loetregler.dir/home/mitg/.pico-sdk/sdk/2.1.1/src/rp2_common/pico_bootrom/bootrom_lock.c.o
LOAD CMakeFiles/pico_loetregler.dir/home/mitg/.pico-sdk/sdk/2.1.1/src/rp2_common/hardware_boot_lock/boot_lock.c.o
LOAD CMakeFiles/pico_loetregler.dir/home/mitg/.pico-sdk/sdk/2.1.1/src/rp2_common/pico_flash/flash.c.o
LOAD CMakeFiles/pico_loetregler.dir/home/mitg/.pico-sdk/sdk/2.1.1/src/rp2_common/hardware_xosc/xosc.c.o
LOAD CMakeFiles/pico_loetregler.dir/home/mitg/.pico-sdk/sdk/2.1.1/src/rp2_common/hardware_divider/divider.S.o
LOAD CMakeFiles/pico_loetregler.dir/home/mitg/.pico-sdk/sdk/2.1.1/src/rp2_common/pico_runtime/runtime.c.o
LOAD CMakeFiles/pico_loetregler.dir/home/mitg/.pico-sdk/sdk/2.1.1/src/rp2_common/pico_runtime_init/runtime_init.c.o
LOAD CMakeFiles/pico_loetregler.dir/home/mitg/.pico-sdk/sdk/2.1.1/src/rp2_common/pico_runtime_init/runtime_init_clocks.c.o
LOAD CMakeFiles/pico_loetregler.dir/home/mitg/.pico-sdk/sdk/2.1.1/src/rp2_common/pico_runtime_init/runtime_init_stack_guard.c.o
LOAD CMakeFiles/pico_loetregler.dir/home/mitg/.pico-sdk/sdk/2.1.1/src/rp2_common/pico_bit_ops/bit_ops_aeabi.S.o
LOAD CMakeFiles/pico_loetregler.dir/home/mitg/.pico-sdk/sdk/2.1.1/src/rp2_common/pico_divider/divider_hardware.S.o
LOAD CMakeFiles/pico_loetregler.dir/home/mitg/.pico-sdk/sdk/2.1.1/src/rp2_common/pico_double/double_aeabi_rp2040.S.o
LOAD CMakeFiles/pico_loetregler.dir/home/mitg/.pico-sdk/sdk/2.1.1/src/rp2_common/pico_double/double_init_rom_rp2040.c.o
LOAD CMakeFiles/pico_loetregler.dir/home/mitg/.pico-sdk/sdk/2.1.1/src/rp2_common/pico_double/double_math.c.o
LOAD CMakeFiles/pico_loetregler.dir/home/mitg/.pico-sdk/sdk/2.1.1/src/rp2_common/pico_double/double_v1_rom_shim_rp2040.S.o
LOAD CMakeFiles/pico_loetregler.dir/home/mitg/.pico-sdk/sdk/2.1.1/src/rp2_common/pico_int64_ops/pico_int64_ops_aeabi.S.o
LOAD CMakeFiles/pico_loetregler.dir/home/mitg/.pico-sdk/sdk/2.1.1/src/rp2_common/pico_float/float_aeabi_rp2040.S.o
LOAD CMakeFiles/pico_loetregler.dir/home/mitg/.pico-sdk/sdk/2.1.1/src/rp2_common/pico_float/float_init_rom_rp2040.c.o
LOAD CMakeFiles/pico_loetregler.dir/home/mitg/.pico-sdk/sdk/2.1.1/src/rp2_common/pico_float/float_math.c.o
LOAD CMakeFiles/pico_loetregler.dir/home/mitg/.pico-sdk/sdk/2.1.1/src/rp2_common/pico_float/float_v1_rom_shim_rp2040.S.o
LOAD CMakeFiles/pico_loetregler.dir/home/mitg/.pico-sdk/sdk/2.1.1/src/rp2_common/pico_malloc/malloc.c.o
LOAD CMakeFiles/pico_loetregler.dir/home/mitg/.pico-sdk/sdk/2.1.1/src/rp2_common/pico_mem_ops/mem_ops_aeabi.S.o
LOAD CMakeFiles/pico_loetregler.dir/home/mitg/.pico-sdk/sdk/2.1.1/src/rp2_common/pico_atomic/atomic.c.o
LOAD CMakeFiles/pico_loetregler.dir/home/mitg/.pico-sdk/sdk/2.1.1/src/rp2_common/pico_cxx_options/new_delete.cpp.o
LOAD CMakeFiles/pico_loetregler.dir/home/mitg/.pico-sdk/sdk/2.1.1/src/rp2_common/pico_standard_binary_info/standard_binary_info.c.o
LOAD CMakeFiles/pico_loetregler.dir/home/mitg/.pico-sdk/sdk/2.1.1/src/rp2_common/pico_printf/printf.c.o
LOAD CMakeFiles/pico_loetregler.dir/home/mitg/.pico-sdk/sdk/2.1.1/src/rp2_common/pico_crt0/crt0.S.o
LOAD CMakeFiles/pico_loetregler.dir/home/mitg/.pico-sdk/sdk/2.1.1/src/rp2_common/pico_clib_interface/newlib_interface.c.o
LOAD CMakeFiles/pico_loetregler.dir/home/mitg/.pico-sdk/sdk/2.1.1/src/rp2_common/pico_stdio/stdio.c.o
LOAD CMakeFiles/pico_loetregler.dir/home/mitg/.pico-sdk/sdk/2.1.1/src/rp2_common/pico_stdio_uart/stdio_uart.c.o
LOAD CMakeFiles/pico_loetregler.dir/home/mitg/.pico-sdk/sdk/2.1.1/src/rp2_common/hardware_adc/adc.c.o
LOAD CMakeFiles/pico_loetregler.dir/home/mitg/.pico-sdk/sdk/2.1.1/src/rp2_common/hardware_i2c/i2c.c.o
LOAD pico-sdk/src/rp2040/boot_stage2/CMakeFiles/bs2_default_library.dir/./bs2_default_padded_checksummed.S.o
LOAD /home/mitg/.pico-sdk/toolchain/14_2_Rel1/bin/../lib/gcc/arm-none-eabi/14.2.1/../../../../arm-none-eabi/lib/thumb/v6-m/nofp/libstdc++.a
LOAD /home/mitg/.pico-sdk/toolchain/14_2_Rel1/bin/../lib/gcc/arm-none-eabi/14.2.1/../../../../arm-none-eabi/lib/thumb/v6-m/nofp/libm.a
START GROUP
LOAD /home/mitg/.pico-sdk/toolchain/14_2_Rel1/bin/../lib/gcc/arm-none-eabi/14.2.1/thumb/v6-m/nofp/libgcc.a
LOAD /home/mitg/.pico-sdk/toolchain/14_2_Rel1/bin/../lib/gcc/arm-none-eabi/14.2.1/../../../../arm-none-eabi/lib/thumb/v6-m/nofp/libg.a
LOAD /home/mitg/.pico-sdk/toolchain/14_2_Rel1/bin/../lib/gcc/arm-none-eabi/14.2.1/../../../../arm-none-eabi/lib/thumb/v6-m/nofp/libc.a
END GROUP
START GROUP
LOAD /home/mitg/.pico-sdk/toolchain/14_2_Rel1/bin/../lib/gcc/arm-none-eabi/14.2.1/thumb/v6-m/nofp/libgcc.a
LOAD /home/mitg/.pico-sdk/toolchain/14_2_Rel1/bin/../lib/gcc/arm-none-eabi/14.2.1/../../../../arm-none-eabi/lib/thumb/v6-m/nofp/libc.a
LOAD /home/mitg/.pico-sdk/toolchain/14_2_Rel1/bin/../lib/gcc/arm-none-eabi/14.2.1/../../../../arm-none-eabi/lib/thumb/v6-m/nofp/libnosys.a
END GROUP
LOAD /home/mitg/.pico-sdk/toolchain/14_2_Rel1/bin/../lib/gcc/arm-none-eabi/14.2.1/thumb/v6-m/nofp/crtend.o
LOAD /home/mitg/.pico-sdk/toolchain/14_2_Rel1/bin/../lib/gcc/arm-none-eabi/14.2.1/thumb/v6-m/nofp/crtn.o
OUTPUT(pico_loetregler.elf elf32-littlearm)
LOAD linker stubs

.ARM.attributes
                0x00000000       0x28
 .ARM.attributes
                0x00000000       0x1e /home/mitg/.pico-sdk/toolchain/14_2_Rel1/bin/../lib/gcc/arm-none-eabi/14.2.1/thumb/v6-m/nofp/crti.o
 .ARM.attributes
                0x0000001e       0x2c /home/mitg/.pico-sdk/toolchain/14_2_Rel1/bin/../lib/gcc/arm-none-eabi/14.2.1/thumb/v6-m/nofp/crtbegin.o
 .ARM.attributes
                0x0000004a       0x2c CMakeFiles/pico_loetregler.dir/main.c.o
 .ARM.attributes
                0x00000076       0x2c CMakeFiles/pico_loetregler.dir/button.c.o
 .ARM.attributes
                0x000000a2       0x2c CMakeFiles/pico_loetregler.dir/ssd1306.c.o
 .ARM.attributes
                0x000000ce       0x2c CMakeFiles/pico_loetregler.dir/home/mitg/.pico-sdk/sdk/2.1.1/src/rp2_common/hardware_gpio/gpio.c.o
 .ARM.attributes
                0x000000fa       0x2c CMakeFiles/pico_loetregler.dir/home/mitg/.pico-sdk/sdk/2.1.1/src/rp2_common/pico_platform_panic/panic.c.o
 .ARM.attributes
                0x00000126       0x2c CMakeFiles/pico_loetregler.dir/home/mitg/.pico-sdk/sdk/2.1.1/src/common/hardware_claim/claim.c.o
 .ARM.attributes
                0x00000152       0x2c CMakeFiles/pico_loetregler.dir/home/mitg/.pico-sdk/sdk/2.1.1/src/rp2_common/hardware_sync/sync.c.o
 .ARM.attributes
                0x0000017e       0x2c CMakeFiles/pico_loetregler.dir/home/mitg/.pico-sdk/sdk/2.1.1/src/rp2_common/hardware_sync_spin_lock/sync_spin_lock.c.o
 .ARM.attributes
                0x000001aa       0x2c CMakeFiles/pico_loetregler.dir/home/mitg/.pico-sdk/sdk/2.1.1/src/rp2_common/hardware_irq/irq.c.o
 .ARM.attributes
                0x000001d6       0x22 CMakeFiles/pico_loetregler.dir/home/mitg/.pico-sdk/sdk/2.1.1/src/rp2_common/hardware_irq/irq_handler_chain.S.o
 .ARM.attributes
                0x000001f8       0x2c CMakeFiles/pico_loetregler.dir/home/mitg/.pico-sdk/sdk/2.1.1/src/common/pico_sync/lock_core.c.o
 .ARM.attributes
                0x00000224       0x2c CMakeFiles/pico_loetregler.dir/home/mitg/.pico-sdk/sdk/2.1.1/src/common/pico_sync/mutex.c.o
 .ARM.attributes
                0x00000250       0x2c CMakeFiles/pico_loetregler.dir/home/mitg/.pico-sdk/sdk/2.1.1/src/common/pico_time/time.c.o
 .ARM.attributes
                0x0000027c       0x2c CMakeFiles/pico_loetregler.dir/home/mitg/.pico-sdk/sdk/2.1.1/src/rp2_common/hardware_timer/timer.c.o
 .ARM.attributes
                0x000002a8       0x2c CMakeFiles/pico_loetregler.dir/home/mitg/.pico-sdk/sdk/2.1.1/src/rp2_common/hardware_uart/uart.c.o
 .ARM.attributes
                0x000002d4       0x2c CMakeFiles/pico_loetregler.dir/home/mitg/.pico-sdk/sdk/2.1.1/src/rp2_common/hardware_clocks/clocks.c.o
 .ARM.attributes
                0x00000300       0x2c CMakeFiles/pico_loetregler.dir/home/mitg/.pico-sdk/sdk/2.1.1/src/rp2_common/hardware_pll/pll.c.o
 .ARM.attributes
                0x0000032c       0x2c CMakeFiles/pico_loetregler.dir/home/mitg/.pico-sdk/sdk/2.1.1/src/rp2_common/hardware_ticks/ticks.c.o
 .ARM.attributes
                0x00000358       0x2c CMakeFiles/pico_loetregler.dir/home/mitg/.pico-sdk/sdk/2.1.1/src/rp2_common/pico_bootrom/bootrom.c.o
 .ARM.attributes
                0x00000384       0x2c CMakeFiles/pico_loetregler.dir/home/mitg/.pico-sdk/sdk/2.1.1/src/rp2_common/hardware_xosc/xosc.c.o
 .ARM.attributes
                0x000003b0       0x2c CMakeFiles/pico_loetregler.dir/home/mitg/.pico-sdk/sdk/2.1.1/src/rp2_common/pico_runtime/runtime.c.o
 .ARM.attributes
                0x000003dc       0x2c CMakeFiles/pico_loetregler.dir/home/mitg/.pico-sdk/sdk/2.1.1/src/rp2_common/pico_runtime_init/runtime_init.c.o
 .ARM.attributes
                0x00000408       0x2c CMakeFiles/pico_loetregler.dir/home/mitg/.pico-sdk/sdk/2.1.1/src/rp2_common/pico_runtime_init/runtime_init_clocks.c.o
 .ARM.attributes
                0x00000434       0x22 CMakeFiles/pico_loetregler.dir/home/mitg/.pico-sdk/sdk/2.1.1/src/rp2_common/pico_bit_ops/bit_ops_aeabi.S.o
 .ARM.attributes
                0x00000456       0x22 CMakeFiles/pico_loetregler.dir/home/mitg/.pico-sdk/sdk/2.1.1/src/rp2_common/pico_divider/divider_hardware.S.o
 .ARM.attributes
                0x00000478       0x22 CMakeFiles/pico_loetregler.dir/home/mitg/.pico-sdk/sdk/2.1.1/src/rp2_common/pico_double/double_aeabi_rp2040.S.o
 .ARM.attributes
                0x0000049a       0x2c CMakeFiles/pico_loetregler.dir/home/mitg/.pico-sdk/sdk/2.1.1/src/rp2_common/pico_double/double_init_rom_rp2040.c.o
 .ARM.attributes
                0x000004c6       0x22 CMakeFiles/pico_loetregler.dir/home/mitg/.pico-sdk/sdk/2.1.1/src/rp2_common/pico_double/double_v1_rom_shim_rp2040.S.o
 .ARM.attributes
                0x000004e8       0x22 CMakeFiles/pico_loetregler.dir/home/mitg/.pico-sdk/sdk/2.1.1/src/rp2_common/pico_int64_ops/pico_int64_ops_aeabi.S.o
 .ARM.attributes
                0x0000050a       0x22 CMakeFiles/pico_loetregler.dir/home/mitg/.pico-sdk/sdk/2.1.1/src/rp2_common/pico_float/float_aeabi_rp2040.S.o
 .ARM.attributes
                0x0000052c       0x2c CMakeFiles/pico_loetregler.dir/home/mitg/.pico-sdk/sdk/2.1.1/src/rp2_common/pico_float/float_init_rom_rp2040.c.o
 .ARM.attributes
                0x00000558       0x22 CMakeFiles/pico_loetregler.dir/home/mitg/.pico-sdk/sdk/2.1.1/src/rp2_common/pico_float/float_v1_rom_shim_rp2040.S.o
 .ARM.attributes
                0x0000057a       0x2c CMakeFiles/pico_loetregler.dir/home/mitg/.pico-sdk/sdk/2.1.1/src/rp2_common/pico_malloc/malloc.c.o
 .ARM.attributes
                0x000005a6       0x22 CMakeFiles/pico_loetregler.dir/home/mitg/.pico-sdk/sdk/2.1.1/src/rp2_common/pico_mem_ops/mem_ops_aeabi.S.o
 .ARM.attributes
                0x000005c8       0x2c CMakeFiles/pico_loetregler.dir/home/mitg/.pico-sdk/sdk/2.1.1/src/rp2_common/pico_standard_binary_info/standard_binary_info.c.o
 .ARM.attributes
                0x000005f4       0x2c CMakeFiles/pico_loetregler.dir/home/mitg/.pico-sdk/sdk/2.1.1/src/rp2_common/pico_printf/printf.c.o
 .ARM.attributes
                0x00000620       0x22 CMakeFiles/pico_loetregler.dir/home/mitg/.pico-sdk/sdk/2.1.1/src/rp2_common/pico_crt0/crt0.S.o
 .ARM.attributes
                0x00000642       0x2c CMakeFiles/pico_loetregler.dir/home/mitg/.pico-sdk/sdk/2.1.1/src/rp2_common/pico_clib_interface/newlib_interface.c.o
 .ARM.attributes
                0x0000066e       0x2c CMakeFiles/pico_loetregler.dir/home/mitg/.pico-sdk/sdk/2.1.1/src/rp2_common/pico_stdio/stdio.c.o
 .ARM.attributes
                0x0000069a       0x2c CMakeFiles/pico_loetregler.dir/home/mitg/.pico-sdk/sdk/2.1.1/src/rp2_common/pico_stdio_uart/stdio_uart.c.o
 .ARM.attributes
                0x000006c6       0x2c CMakeFiles/pico_loetregler.dir/home/mitg/.pico-sdk/sdk/2.1.1/src/rp2_common/hardware_adc/adc.c.o
 .ARM.attributes
                0x000006f2       0x2c CMakeFiles/pico_loetregler.dir/home/mitg/.pico-sdk/sdk/2.1.1/src/rp2_common/hardware_i2c/i2c.c.o
 .ARM.attributes
                0x0000071e       0x22 pico-sdk/src/rp2040/boot_stage2/CMakeFiles/bs2_default_library.dir/./bs2_default_padded_checksummed.S.o
 .ARM.attributes
                0x00000740       0x1e /home/mitg/.pico-sdk/toolchain/14_2_Rel1/bin/../lib/gcc/arm-none-eabi/14.2.1/thumb/v6-m/nofp/libgcc.a(_dvmd_tls.o)
 .ARM.attributes
                0x0000075e       0x2c /home/mitg/.pico-sdk/toolchain/14_2_Rel1/bin/../lib/gcc/arm-none-eabi/14.2.1/../../../../arm-none-eabi/lib/thumb/v6-m/nofp/libg.a(libc_a-calloc.o)
 .ARM.attributes
                0x0000078a       0x2c /home/mitg/.pico-sdk/toolchain/14_2_Rel1/bin/../lib/gcc/arm-none-eabi/14.2.1/../../../../arm-none-eabi/lib/thumb/v6-m/nofp/libg.a(libc_a-callocr.o)
 .ARM.attributes
                0x000007b6       0x2c /home/mitg/.pico-sdk/toolchain/14_2_Rel1/bin/../lib/gcc/arm-none-eabi/14.2.1/../../../../arm-none-eabi/lib/thumb/v6-m/nofp/libg.a(libc_a-mallocr.o)
 .ARM.attributes
                0x000007e2       0x2c /home/mitg/.pico-sdk/toolchain/14_2_Rel1/bin/../lib/gcc/arm-none-eabi/14.2.1/../../../../arm-none-eabi/lib/thumb/v6-m/nofp/libg.a(libc_a-mlock.o)
 .ARM.attributes
                0x0000080e       0x2c /home/mitg/.pico-sdk/toolchain/14_2_Rel1/bin/../lib/gcc/arm-none-eabi/14.2.1/../../../../arm-none-eabi/lib/thumb/v6-m/nofp/libg.a(libc_a-impure.o)
 .ARM.attributes
                0x0000083a       0x2c /home/mitg/.pico-sdk/toolchain/14_2_Rel1/bin/../lib/gcc/arm-none-eabi/14.2.1/../../../../arm-none-eabi/lib/thumb/v6-m/nofp/libg.a(libc_a-sbrkr.o)
 .ARM.attributes
                0x00000866       0x2c /home/mitg/.pico-sdk/toolchain/14_2_Rel1/bin/../lib/gcc/arm-none-eabi/14.2.1/../../../../arm-none-eabi/lib/thumb/v6-m/nofp/libg.a(libc_a-errno.o)
 .ARM.attributes
                0x00000892       0x2c /home/mitg/.pico-sdk/toolchain/14_2_Rel1/bin/../lib/gcc/arm-none-eabi/14.2.1/../../../../arm-none-eabi/lib/thumb/v6-m/nofp/libg.a(libc_a-lock.o)
 .ARM.attributes
                0x000008be       0x2c /home/mitg/.pico-sdk/toolchain/14_2_Rel1/bin/../lib/gcc/arm-none-eabi/14.2.1/../../../../arm-none-eabi/lib/thumb/v6-m/nofp/libg.a(libc_a-sysconf.o)
 .ARM.attributes
                0x000008ea       0x2c /home/mitg/.pico-sdk/toolchain/14_2_Rel1/bin/../lib/gcc/arm-none-eabi/14.2.1/../../../../arm-none-eabi/lib/thumb/v6-m/nofp/libg.a(libc_a-strlen-stub.o)
 .ARM.attributes
                0x00000916       0x2c /home/mitg/.pico-sdk/toolchain/14_2_Rel1/bin/../lib/gcc/arm-none-eabi/14.2.1/../../../../arm-none-eabi/lib/thumb/v6-m/nofp/libg.a(libc_a-freer.o)
 .ARM.attributes
                0x00000942       0x2c /home/mitg/.pico-sdk/toolchain/14_2_Rel1/bin/../lib/gcc/arm-none-eabi/14.2.1/../../../../arm-none-eabi/lib/thumb/v6-m/nofp/libg.a(libc_a-findfp.o)
 .ARM.attributes
                0x0000096e       0x2c /home/mitg/.pico-sdk/toolchain/14_2_Rel1/bin/../lib/gcc/arm-none-eabi/14.2.1/../../../../arm-none-eabi/lib/thumb/v6-m/nofp/libg.a(libc_a-reent.o)
 .ARM.attributes
                0x0000099a       0x2c /home/mitg/.pico-sdk/toolchain/14_2_Rel1/bin/../lib/gcc/arm-none-eabi/14.2.1/thumb/v6-m/nofp/crtend.o

.comment        0x00000000       0x45
 .comment       0x00000000       0x45 CMakeFiles/pico_loetregler.dir/main.c.o
                                 0x46 (size before relaxing)
 .comment       0x00000045       0x46 CMakeFiles/pico_loetregler.dir/button.c.o
 .comment       0x00000045       0x46 CMakeFiles/pico_loetregler.dir/ssd1306.c.o
 .comment       0x00000045       0x46 CMakeFiles/pico_loetregler.dir/home/mitg/.pico-sdk/sdk/2.1.1/src/rp2_common/hardware_gpio/gpio.c.o
 .comment       0x00000045       0x46 CMakeFiles/pico_loetregler.dir/home/mitg/.pico-sdk/sdk/2.1.1/src/rp2_common/pico_platform_panic/panic.c.o
 .comment       0x00000045       0x46 CMakeFiles/pico_loetregler.dir/home/mitg/.pico-sdk/sdk/2.1.1/src/common/hardware_claim/claim.c.o
 .comment       0x00000045       0x46 CMakeFiles/pico_loetregler.dir/home/mitg/.pico-sdk/sdk/2.1.1/src/rp2_common/hardware_sync/sync.c.o
 .comment       0x00000045       0x46 CMakeFiles/pico_loetregler.dir/home/mitg/.pico-sdk/sdk/2.1.1/src/rp2_common/hardware_sync_spin_lock/sync_spin_lock.c.o
 .comment       0x00000045       0x46 CMakeFiles/pico_loetregler.dir/home/mitg/.pico-sdk/sdk/2.1.1/src/rp2_common/hardware_irq/irq.c.o
 .comment       0x00000045       0x46 CMakeFiles/pico_loetregler.dir/home/mitg/.pico-sdk/sdk/2.1.1/src/common/pico_sync/lock_core.c.o
 .comment       0x00000045       0x46 CMakeFiles/pico_loetregler.dir/home/mitg/.pico-sdk/sdk/2.1.1/src/common/pico_sync/mutex.c.o
 .comment       0x00000045       0x46 CMakeFiles/pico_loetregler.dir/home/mitg/.pico-sdk/sdk/2.1.1/src/common/pico_time/time.c.o
 .comment       0x00000045       0x46 CMakeFiles/pico_loetregler.dir/home/mitg/.pico-sdk/sdk/2.1.1/src/rp2_common/hardware_timer/timer.c.o
 .comment       0x00000045       0x46 CMakeFiles/pico_loetregler.dir/home/mitg/.pico-sdk/sdk/2.1.1/src/rp2_common/hardware_uart/uart.c.o
 .comment       0x00000045       0x46 CMakeFiles/pico_loetregler.dir/home/mitg/.pico-sdk/sdk/2.1.1/src/rp2_common/hardware_clocks/clocks.c.o
 .comment       0x00000045       0x46 CMakeFiles/pico_loetregler.dir/home/mitg/.pico-sdk/sdk/2.1.1/src/rp2_common/hardware_pll/pll.c.o
 .comment       0x00000045       0x46 CMakeFiles/pico_loetregler.dir/home/mitg/.pico-sdk/sdk/2.1.1/src/rp2_common/hardware_ticks/ticks.c.o
 .comment       0x00000045       0x46 CMakeFiles/pico_loetregler.dir/home/mitg/.pico-sdk/sdk/2.1.1/src/rp2_common/pico_bootrom/bootrom.c.o
 .comment       0x00000045       0x46 CMakeFiles/pico_loetregler.dir/home/mitg/.pico-sdk/sdk/2.1.1/src/rp2_common/hardware_xosc/xosc.c.o
 .comment       0x00000045       0x46 CMakeFiles/pico_loetregler.dir/home/mitg/.pico-sdk/sdk/2.1.1/src/rp2_common/pico_runtime/runtime.c.o
 .comment       0x00000045       0x46 CMakeFiles/pico_loetregler.dir/home/mitg/.pico-sdk/sdk/2.1.1/src/rp2_common/pico_runtime_init/runtime_init.c.o
 .comment       0x00000045       0x46 CMakeFiles/pico_loetregler.dir/home/mitg/.pico-sdk/sdk/2.1.1/src/rp2_common/pico_runtime_init/runtime_init_clocks.c.o
 .comment       0x00000045       0x46 CMakeFiles/pico_loetregler.dir/home/mitg/.pico-sdk/sdk/2.1.1/src/rp2_common/pico_double/double_init_rom_rp2040.c.o
 .comment       0x00000045       0x46 CMakeFiles/pico_loetregler.dir/home/mitg/.pico-sdk/sdk/2.1.1/src/rp2_common/pico_float/float_init_rom_rp2040.c.o
 .comment       0x00000045       0x46 CMakeFiles/pico_loetregler.dir/home/mitg/.pico-sdk/sdk/2.1.1/src/rp2_common/pico_malloc/malloc.c.o
 .comment       0x00000045       0x46 CMakeFiles/pico_loetregler.dir/home/mitg/.pico-sdk/sdk/2.1.1/src/rp2_common/pico_standard_binary_info/standard_binary_info.c.o
 .comment       0x00000045       0x46 CMakeFiles/pico_loetregler.dir/home/mitg/.pico-sdk/sdk/2.1.1/src/rp2_common/pico_printf/printf.c.o
 .comment       0x00000045       0x46 CMakeFiles/pico_loetregler.dir/home/mitg/.pico-sdk/sdk/2.1.1/src/rp2_common/pico_clib_interface/newlib_interface.c.o
 .comment       0x00000045       0x46 CMakeFiles/pico_loetregler.dir/home/mitg/.pico-sdk/sdk/2.1.1/src/rp2_common/pico_stdio/stdio.c.o
 .comment       0x00000045       0x46 CMakeFiles/pico_loetregler.dir/home/mitg/.pico-sdk/sdk/2.1.1/src/rp2_common/pico_stdio_uart/stdio_uart.c.o
 .comment       0x00000045       0x46 CMakeFiles/pico_loetregler.dir/home/mitg/.pico-sdk/sdk/2.1.1/src/rp2_common/hardware_adc/adc.c.o
 .comment       0x00000045       0x46 CMakeFiles/pico_loetregler.dir/home/mitg/.pico-sdk/sdk/2.1.1/src/rp2_common/hardware_i2c/i2c.c.o

.debug_info     0x00000000    0x2241b
 .debug_info    0x00000000     0x19b0 CMakeFiles/pico_loetregler.dir/main.c.o
 .debug_info    0x000019b0      0xca0 CMakeFiles/pico_loetregler.dir/button.c.o
 .debug_info    0x00002650      0xf23 CMakeFiles/pico_loetregler.dir/ssd1306.c.o
 .debug_info    0x00003573     0x242d CMakeFiles/pico_loetregler.dir/home/mitg/.pico-sdk/sdk/2.1.1/src/rp2_common/hardware_gpio/gpio.c.o
 .debug_info    0x000059a0      0x1bf CMakeFiles/pico_loetregler.dir/home/mitg/.pico-sdk/sdk/2.1.1/src/rp2_common/pico_platform_panic/panic.c.o
 .debug_info    0x00005b5f      0x9a1 CMakeFiles/pico_loetregler.dir/home/mitg/.pico-sdk/sdk/2.1.1/src/common/hardware_claim/claim.c.o
 .debug_info    0x00006500      0x45c CMakeFiles/pico_loetregler.dir/home/mitg/.pico-sdk/sdk/2.1.1/src/rp2_common/hardware_sync/sync.c.o
 .debug_info    0x0000695c      0x245 CMakeFiles/pico_loetregler.dir/home/mitg/.pico-sdk/sdk/2.1.1/src/rp2_common/hardware_sync_spin_lock/sync_spin_lock.c.o
 .debug_info    0x00006ba1     0x220f CMakeFiles/pico_loetregler.dir/home/mitg/.pico-sdk/sdk/2.1.1/src/rp2_common/hardware_irq/irq.c.o
 .debug_info    0x00008db0      0x15f CMakeFiles/pico_loetregler.dir/home/mitg/.pico-sdk/sdk/2.1.1/src/common/pico_sync/lock_core.c.o
 .debug_info    0x00008f0f     0x27f1 CMakeFiles/pico_loetregler.dir/home/mitg/.pico-sdk/sdk/2.1.1/src/common/pico_sync/mutex.c.o
 .debug_info    0x0000b700     0x5036 CMakeFiles/pico_loetregler.dir/home/mitg/.pico-sdk/sdk/2.1.1/src/common/pico_time/time.c.o
 .debug_info    0x00010736     0x2b13 CMakeFiles/pico_loetregler.dir/home/mitg/.pico-sdk/sdk/2.1.1/src/rp2_common/hardware_timer/timer.c.o
 .debug_info    0x00013249     0x195f CMakeFiles/pico_loetregler.dir/home/mitg/.pico-sdk/sdk/2.1.1/src/rp2_common/hardware_uart/uart.c.o
 .debug_info    0x00014ba8     0x2991 CMakeFiles/pico_loetregler.dir/home/mitg/.pico-sdk/sdk/2.1.1/src/rp2_common/hardware_clocks/clocks.c.o
 .debug_info    0x00017539      0x4e5 CMakeFiles/pico_loetregler.dir/home/mitg/.pico-sdk/sdk/2.1.1/src/rp2_common/hardware_pll/pll.c.o
 .debug_info    0x00017a1e      0x248 CMakeFiles/pico_loetregler.dir/home/mitg/.pico-sdk/sdk/2.1.1/src/rp2_common/hardware_ticks/ticks.c.o
 .debug_info    0x00017c66      0x678 CMakeFiles/pico_loetregler.dir/home/mitg/.pico-sdk/sdk/2.1.1/src/rp2_common/pico_bootrom/bootrom.c.o
 .debug_info    0x000182de      0x1d0 CMakeFiles/pico_loetregler.dir/home/mitg/.pico-sdk/sdk/2.1.1/src/rp2_common/hardware_xosc/xosc.c.o
 .debug_info    0x000184ae      0x21a CMakeFiles/pico_loetregler.dir/home/mitg/.pico-sdk/sdk/2.1.1/src/rp2_common/pico_runtime/runtime.c.o
 .debug_info    0x000186c8      0x795 CMakeFiles/pico_loetregler.dir/home/mitg/.pico-sdk/sdk/2.1.1/src/rp2_common/pico_runtime_init/runtime_init.c.o
 .debug_info    0x00018e5d      0x781 CMakeFiles/pico_loetregler.dir/home/mitg/.pico-sdk/sdk/2.1.1/src/rp2_common/pico_runtime_init/runtime_init_clocks.c.o
 .debug_info    0x000195de       0x23 CMakeFiles/pico_loetregler.dir/home/mitg/.pico-sdk/sdk/2.1.1/src/rp2_common/pico_bit_ops/bit_ops_aeabi.S.o
 .debug_info    0x00019601       0x23 CMakeFiles/pico_loetregler.dir/home/mitg/.pico-sdk/sdk/2.1.1/src/rp2_common/pico_divider/divider_hardware.S.o
 .debug_info    0x00019624       0x23 CMakeFiles/pico_loetregler.dir/home/mitg/.pico-sdk/sdk/2.1.1/src/rp2_common/pico_double/double_aeabi_rp2040.S.o
 .debug_info    0x00019647      0x27e CMakeFiles/pico_loetregler.dir/home/mitg/.pico-sdk/sdk/2.1.1/src/rp2_common/pico_double/double_init_rom_rp2040.c.o
 .debug_info    0x000198c5       0x23 CMakeFiles/pico_loetregler.dir/home/mitg/.pico-sdk/sdk/2.1.1/src/rp2_common/pico_double/double_v1_rom_shim_rp2040.S.o
 .debug_info    0x000198e8       0x24 CMakeFiles/pico_loetregler.dir/home/mitg/.pico-sdk/sdk/2.1.1/src/rp2_common/pico_int64_ops/pico_int64_ops_aeabi.S.o
 .debug_info    0x0001990c       0x23 CMakeFiles/pico_loetregler.dir/home/mitg/.pico-sdk/sdk/2.1.1/src/rp2_common/pico_float/float_aeabi_rp2040.S.o
 .debug_info    0x0001992f      0x27e CMakeFiles/pico_loetregler.dir/home/mitg/.pico-sdk/sdk/2.1.1/src/rp2_common/pico_float/float_init_rom_rp2040.c.o
 .debug_info    0x00019bad       0x23 CMakeFiles/pico_loetregler.dir/home/mitg/.pico-sdk/sdk/2.1.1/src/rp2_common/pico_float/float_v1_rom_shim_rp2040.S.o
 .debug_info    0x00019bd0      0x3e4 CMakeFiles/pico_loetregler.dir/home/mitg/.pico-sdk/sdk/2.1.1/src/rp2_common/pico_malloc/malloc.c.o
 .debug_info    0x00019fb4       0x23 CMakeFiles/pico_loetregler.dir/home/mitg/.pico-sdk/sdk/2.1.1/src/rp2_common/pico_mem_ops/mem_ops_aeabi.S.o
 .debug_info    0x00019fd7      0x2b8 CMakeFiles/pico_loetregler.dir/home/mitg/.pico-sdk/sdk/2.1.1/src/rp2_common/pico_standard_binary_info/standard_binary_info.c.o
 .debug_info    0x0001a28f     0x22f2 CMakeFiles/pico_loetregler.dir/home/mitg/.pico-sdk/sdk/2.1.1/src/rp2_common/pico_printf/printf.c.o
 .debug_info    0x0001c581       0x23 CMakeFiles/pico_loetregler.dir/home/mitg/.pico-sdk/sdk/2.1.1/src/rp2_common/pico_crt0/crt0.S.o
 .debug_info    0x0001c5a4      0xb54 CMakeFiles/pico_loetregler.dir/home/mitg/.pico-sdk/sdk/2.1.1/src/rp2_common/pico_clib_interface/newlib_interface.c.o
 .debug_info    0x0001d0f8     0x1d6c CMakeFiles/pico_loetregler.dir/home/mitg/.pico-sdk/sdk/2.1.1/src/rp2_common/pico_stdio/stdio.c.o
 .debug_info    0x0001ee64     0x14e7 CMakeFiles/pico_loetregler.dir/home/mitg/.pico-sdk/sdk/2.1.1/src/rp2_common/pico_stdio_uart/stdio_uart.c.o
 .debug_info    0x0002034b      0x3fc CMakeFiles/pico_loetregler.dir/home/mitg/.pico-sdk/sdk/2.1.1/src/rp2_common/hardware_adc/adc.c.o
 .debug_info    0x00020747     0x1cd4 CMakeFiles/pico_loetregler.dir/home/mitg/.pico-sdk/sdk/2.1.1/src/rp2_common/hardware_i2c/i2c.c.o

.debug_abbrev   0x00000000     0x61f5